Archive member included to satisfy reference by file (symbol)

C:/ST/STM32CubeIDE_1.19.0/STM32CubeIDE/plugins/com.st.stm32cube.ide.mcu.externaltools.gnu-tools-for-stm32.13.3.rel1.win32_1.0.0.202411081344/tools/bin/../lib/gcc/arm-none-eabi/13.3.1/../../../../arm-none-eabi/lib/thumb/v6-m/nofp\libc_nano.a(libc_a-exit.o)
                              C:/ST/STM32CubeIDE_1.19.0/STM32CubeIDE/plugins/com.st.stm32cube.ide.mcu.externaltools.gnu-tools-for-stm32.13.3.rel1.win32_1.0.0.202411081344/tools/bin/../lib/gcc/arm-none-eabi/13.3.1/../../../../arm-none-eabi/lib/thumb/v6-m/nofp/crt0.o (exit)
C:/ST/STM32CubeIDE_1.19.0/STM32CubeIDE/plugins/com.st.stm32cube.ide.mcu.externaltools.gnu-tools-for-stm32.13.3.rel1.win32_1.0.0.202411081344/tools/bin/../lib/gcc/arm-none-eabi/13.3.1/../../../../arm-none-eabi/lib/thumb/v6-m/nofp\libc_nano.a(libc_a-findfp.o)
                              C:/ST/STM32CubeIDE_1.19.0/STM32CubeIDE/plugins/com.st.stm32cube.ide.mcu.externaltools.gnu-tools-for-stm32.13.3.rel1.win32_1.0.0.202411081344/tools/bin/../lib/gcc/arm-none-eabi/13.3.1/../../../../arm-none-eabi/lib/thumb/v6-m/nofp\libc_nano.a(libc_a-exit.o) (__stdio_exit_handler)
C:/ST/STM32CubeIDE_1.19.0/STM32CubeIDE/plugins/com.st.stm32cube.ide.mcu.externaltools.gnu-tools-for-stm32.13.3.rel1.win32_1.0.0.202411081344/tools/bin/../lib/gcc/arm-none-eabi/13.3.1/../../../../arm-none-eabi/lib/thumb/v6-m/nofp\libc_nano.a(libc_a-fwalk.o)
                              C:/ST/STM32CubeIDE_1.19.0/STM32CubeIDE/plugins/com.st.stm32cube.ide.mcu.externaltools.gnu-tools-for-stm32.13.3.rel1.win32_1.0.0.202411081344/tools/bin/../lib/gcc/arm-none-eabi/13.3.1/../../../../arm-none-eabi/lib/thumb/v6-m/nofp\libc_nano.a(libc_a-findfp.o) (_fwalk_sglue)
C:/ST/STM32CubeIDE_1.19.0/STM32CubeIDE/plugins/com.st.stm32cube.ide.mcu.externaltools.gnu-tools-for-stm32.13.3.rel1.win32_1.0.0.202411081344/tools/bin/../lib/gcc/arm-none-eabi/13.3.1/../../../../arm-none-eabi/lib/thumb/v6-m/nofp\libc_nano.a(libc_a-stdio.o)
                              C:/ST/STM32CubeIDE_1.19.0/STM32CubeIDE/plugins/com.st.stm32cube.ide.mcu.externaltools.gnu-tools-for-stm32.13.3.rel1.win32_1.0.0.202411081344/tools/bin/../lib/gcc/arm-none-eabi/13.3.1/../../../../arm-none-eabi/lib/thumb/v6-m/nofp\libc_nano.a(libc_a-findfp.o) (__sread)
C:/ST/STM32CubeIDE_1.19.0/STM32CubeIDE/plugins/com.st.stm32cube.ide.mcu.externaltools.gnu-tools-for-stm32.13.3.rel1.win32_1.0.0.202411081344/tools/bin/../lib/gcc/arm-none-eabi/13.3.1/../../../../arm-none-eabi/lib/thumb/v6-m/nofp\libc_nano.a(libc_a-memset.o)
                              C:/ST/STM32CubeIDE_1.19.0/STM32CubeIDE/plugins/com.st.stm32cube.ide.mcu.externaltools.gnu-tools-for-stm32.13.3.rel1.win32_1.0.0.202411081344/tools/bin/../lib/gcc/arm-none-eabi/13.3.1/../../../../arm-none-eabi/lib/thumb/v6-m/nofp/crt0.o (memset)
C:/ST/STM32CubeIDE_1.19.0/STM32CubeIDE/plugins/com.st.stm32cube.ide.mcu.externaltools.gnu-tools-for-stm32.13.3.rel1.win32_1.0.0.202411081344/tools/bin/../lib/gcc/arm-none-eabi/13.3.1/../../../../arm-none-eabi/lib/thumb/v6-m/nofp\libc_nano.a(libc_a-closer.o)
                              C:/ST/STM32CubeIDE_1.19.0/STM32CubeIDE/plugins/com.st.stm32cube.ide.mcu.externaltools.gnu-tools-for-stm32.13.3.rel1.win32_1.0.0.202411081344/tools/bin/../lib/gcc/arm-none-eabi/13.3.1/../../../../arm-none-eabi/lib/thumb/v6-m/nofp\libc_nano.a(libc_a-stdio.o) (_close_r)
C:/ST/STM32CubeIDE_1.19.0/STM32CubeIDE/plugins/com.st.stm32cube.ide.mcu.externaltools.gnu-tools-for-stm32.13.3.rel1.win32_1.0.0.202411081344/tools/bin/../lib/gcc/arm-none-eabi/13.3.1/../../../../arm-none-eabi/lib/thumb/v6-m/nofp\libc_nano.a(libc_a-reent.o)
                              C:/ST/STM32CubeIDE_1.19.0/STM32CubeIDE/plugins/com.st.stm32cube.ide.mcu.externaltools.gnu-tools-for-stm32.13.3.rel1.win32_1.0.0.202411081344/tools/bin/../lib/gcc/arm-none-eabi/13.3.1/../../../../arm-none-eabi/lib/thumb/v6-m/nofp\libc_nano.a(libc_a-closer.o) (errno)
C:/ST/STM32CubeIDE_1.19.0/STM32CubeIDE/plugins/com.st.stm32cube.ide.mcu.externaltools.gnu-tools-for-stm32.13.3.rel1.win32_1.0.0.202411081344/tools/bin/../lib/gcc/arm-none-eabi/13.3.1/../../../../arm-none-eabi/lib/thumb/v6-m/nofp\libc_nano.a(libc_a-impure.o)
                              C:/ST/STM32CubeIDE_1.19.0/STM32CubeIDE/plugins/com.st.stm32cube.ide.mcu.externaltools.gnu-tools-for-stm32.13.3.rel1.win32_1.0.0.202411081344/tools/bin/../lib/gcc/arm-none-eabi/13.3.1/../../../../arm-none-eabi/lib/thumb/v6-m/nofp\libc_nano.a(libc_a-reent.o) (_impure_ptr)
C:/ST/STM32CubeIDE_1.19.0/STM32CubeIDE/plugins/com.st.stm32cube.ide.mcu.externaltools.gnu-tools-for-stm32.13.3.rel1.win32_1.0.0.202411081344/tools/bin/../lib/gcc/arm-none-eabi/13.3.1/../../../../arm-none-eabi/lib/thumb/v6-m/nofp\libc_nano.a(libc_a-lseekr.o)
[...]
Memory Configuration

Name             Origin             Length             Attributes
RAM              0x20000000         0x00009000         xrw
FLASH            0x08000000         0x00020000         xr
*default*        0x00000000         0xffffffff

Linker script and memory map

LOAD C:/ST/STM32CubeIDE_1.19.0/STM32CubeIDE/plugins/com.st.stm32cube.ide.mcu.externaltools.gnu-tools-for-stm32.13.3.rel1.win32_1.0.0.202411081344/tools/bin/../lib/gcc/arm-none-eabi/13.3.1/thumb/v6-m/nofp/crti.o
LOAD C:/ST/STM32CubeIDE_1.19.0/STM32CubeIDE/plugins/com.st.stm32cube.ide.mcu.externaltools.gnu-tools-for-stm32.13.3.rel1.win32_1.0.0.202411081344/tools/bin/../lib/gcc/arm-none-eabi/13.3.1/thumb/v6-m/nofp/crtbegin.o
LOAD C:/ST/STM32CubeIDE_1.19.0/STM32CubeIDE/plugins/com.st.stm32cube.ide.mcu.externaltools.gnu-tools-for-stm32.13.3.rel1.win32_1.0.0.202411081344/tools/bin/../lib/gcc/arm-none-eabi/13.3.1/../../../../arm-none-eabi/lib/thumb/v6-m/nofp/crt0.o
LOAD ./Core/Src/main.o
LOAD ./Core/Src/stm32g0xx_hal_msp.o
LOAD ./Core/Src/stm32g0xx_it.o
LOAD ./Core/Src/syscalls.o
LOAD ./Core/Src/sysmem.o
LOAD ./Core/Src/system_stm32g0xx.o
LOAD ./Core/Startup/startup_stm32g070cbtx.o
LOAD ./Drivers/STM32G0xx_HAL_Driver/Src/stm32g0xx_hal.o
LOAD ./Drivers/STM32G0xx_HAL_Driver/Src/stm32g0xx_hal_cortex.o
LOAD ./Drivers/STM32G0xx_HAL_Driver/Src/stm32g0xx_hal_dma.o
LOAD ./Drivers/STM32G0xx_HAL_Driver/Src/stm32g0xx_hal_dma_ex.o
LOAD ./Drivers/STM32G0xx_HAL_Driver/Src/stm32g0xx_hal_exti.o
LOAD ./Drivers/STM32G0xx_HAL_Driver/Src/stm32g0xx_hal_flash.o
LOAD ./Drivers/STM32G0xx_HAL_Driver/Src/stm32g0xx_hal_flash_ex.o
LOAD ./Drivers/STM32G0xx_HAL_Driver/Src/stm32g0xx_hal_gpio.o
LOAD ./Drivers/STM32G0xx_HAL_Driver/Src/stm32g0xx_hal_pwr.o
LOAD ./Drivers/STM32G0xx_HAL_Driver/Src/stm32g0xx_hal_pwr_ex.o
LOAD ./Drivers/STM32G0xx_HAL_Driver/Src/stm32g0xx_hal_rcc.o
LOAD ./Drivers/STM32G0xx_HAL_Driver/Src/stm32g0xx_hal_rcc_ex.o
LOAD ./Drivers/STM32G0xx_HAL_Driver/Src/stm32g0xx_hal_tim.o
LOAD ./Drivers/STM32G0xx_HAL_Driver/Src/stm32g0xx_hal_tim_ex.o
LOAD ./Drivers/STM32G0xx_HAL_Driver/Src/stm32g0xx_hal_uart.o
LOAD ./Drivers/STM32G0xx_HAL_Driver/Src/stm32g0xx_hal_uart_ex.o
LOAD ./Drivers/STM32G0xx_HAL_Driver/Src/stm32g0xx_ll_rcc.o
START GROUP
LOAD C:/ST/STM32CubeIDE_1.19.0/STM32CubeIDE/plugins/com.st.stm32cube.ide.mcu.externaltools.gnu-tools-for-stm32.13.3.rel1.win32_1.0.0.202411081344/tools/bin/../lib/gcc/arm-none-eabi/13.3.1/../../../../arm-none-eabi/lib/thumb/v6-m/nofp\libc_nano.a
LOAD C:/ST/STM32CubeIDE_1.19.0/STM32CubeIDE/plugins/com.st.stm32cube.ide.mcu.externaltools.gnu-tools-for-stm32.13.3.rel1.win32_1.0.0.202411081344/tools/bin/../lib/gcc/arm-none-eabi/13.3.1/../../../../arm-none-eabi/lib/thumb/v6-m/nofp\libm.a
END GROUP
START GROUP
LOAD C:/ST/STM32CubeIDE_1.19.0/STM32CubeIDE/plugins/com.st.stm32cube.ide.mcu.externaltools.gnu-tools-for-stm32.13.3.rel1.win32_1.0.0.202411081344/tools/bin/../lib/gcc/arm-none-eabi/13.3.1/thumb/v6-m/nofp\libgcc.a
LOAD C:/ST/STM32CubeIDE_1.19.0/STM32CubeIDE/plugins/com.st.stm32cube.ide.mcu.externaltools.gnu-tools-for-stm32.13.3.rel1.win32_1.0.0.202411081344/tools/bin/../lib/gcc/arm-none-eabi/13.3.1/../../../../arm-none-eabi/lib/thumb/v6-m/nofp\libc_nano.a
END GROUP
START GROUP
LOAD C:/ST/STM32CubeIDE_1.19.0/STM32CubeIDE/plugins/com.st.stm32cube.ide.mcu.externaltools.gnu-tools-for-stm32.13.3.rel1.win32_1.0.0.202411081344/tools/bin/../lib/gcc/arm-none-eabi/13.3.1/thumb/v6-m/nofp\libgcc.a
LOAD C:/ST/STM32CubeIDE_1.19.0/STM32CubeIDE/plugins/com.st.stm32cube.ide.mcu.externaltools.gnu-tools-for-stm32.13.3.rel1.win32_1.0.0.202411081344/tools/bin/../lib/gcc/arm-none-eabi/13.3.1/../../../../arm-none-eabi/lib/thumb/v6-m/nofp\libc_nano.a
LOAD C:/ST/STM32CubeIDE_1.19.0/STM32CubeIDE/plugins/com.st.stm32cube.ide.mcu.externaltools.gnu-tools-for-stm32.13.3.rel1.win32_1.0.0.202411081344/tools/bin/../lib/gcc/arm-none-eabi/13.3.1/../../../../arm-none-eabi/lib/thumb/v6-m/nofp\libnosys.a
END GROUP
START GROUP
LOAD C:/ST/STM32CubeIDE_1.19.0/STM32CubeIDE/plugins/com.st.stm32cube.ide.mcu.externaltools.gnu-tools-for-stm32.13.3.rel1.win32_1.0.0.202411081344/tools/bin/../lib/gcc/arm-none-eabi/13.3.1/thumb/v6-m/nofp\libgcc.a
LOAD C:/ST/STM32CubeIDE_1.19.0/STM32CubeIDE/plugins/com.st.stm32cube.ide.mcu.externaltools.gnu-tools-for-stm32.13.3.rel1.win32_1.0.0.202411081344/tools/bin/../lib/gcc/arm-none-eabi/13.3.1/../../../../arm-none-eabi/lib/thumb/v6-m/nofp\libc_nano.a
LOAD C:/ST/STM32CubeIDE_1.19.0/STM32CubeIDE/plugins/com.st.stm32cube.ide.mcu.externaltools.gnu-tools-for-stm32.13.3.rel1.win32_1.0.0.202411081344/tools/bin/../lib/gcc/arm-none-eabi/13.3.1/../../../../arm-none-eabi/lib/thumb/v6-m/nofp\libnosys.a
END GROUP
LOAD C:/ST/STM32CubeIDE_1.19.0/STM32CubeIDE/plugins/com.st.stm32cube.ide.mcu.externaltools.gnu-tools-for-stm32.13.3.rel1.win32_1.0.0.202411081344/tools/bin/../lib/gcc/arm-none-eabi/13.3.1/thumb/v6-m/nofp/crtend.o
LOAD C:/ST/STM32CubeIDE_1.19.0/STM32CubeIDE/plugins/com.st.stm32cube.ide.mcu.externaltools.gnu-tools-for-stm32.13.3.rel1.win32_1.0.0.202411081344/tools/bin/../lib/gcc/arm-none-eabi/13.3.1/thumb/v6-m/nofp/crtn.o
                0x20009000                        _estack = (ORIGIN (RAM) + LENGTH (RAM))
                0x00000200                        _Min_Heap_Size = 0x200
                0x00000400                        _Min_Stack_Size = 0x400

.isr_vector     0x08000000       0xb8
                0x08000000                        . = ALIGN (0x4)
 *(.isr_vector)
 .isr_vector    0x08000000       0xb8 ./Core/Startup/startup_stm32g070cbtx.o
                0x08000000                g_pfnVectors
                0x080000b8                        . = ALIGN (0x4)

.text           0x080000b8     0x7abc
                0x080000b8                        . = ALIGN (0x4)
 *(.text)
 .text          0x080000b8       0x48 C:/ST/STM32CubeIDE_1.19.0/STM32CubeIDE/plugins/com.st.stm32cube.ide.mcu.externaltools.gnu-tools-for-stm32.13.3.rel1.win32_1.0.0.202411081344/tools/bin/../lib/gcc/arm-none-eabi/13.3.1/thumb/v6-m/nofp/crtbegin.o
 .text          0x08000100      0x114 C:/ST/STM32CubeIDE_1.19.0/STM32CubeIDE/plugins/com.st.stm32cube.ide.mcu.externaltools.gnu-tools-for-stm32.13.3.rel1.win32_1.0.0.202411081344/tools/bin/../lib/gcc/arm-none-eabi/13.3.1/thumb/v6-m/nofp\libgcc.a(_udivsi3.o)
                0x08000100                __aeabi_uidiv
                0x08000100                __udivsi3
                0x0800020c                __aeabi_uidivmod
 .text          0x08000214      0x1d4 C:/ST/STM32CubeIDE_1.19.0/STM32CubeIDE/plugins/com.st.stm32cube.ide.mcu.externaltools.gnu-tools-for-stm32.13.3.rel1.win32_1.0.0.202411081344/tools/bin/../lib/gcc/arm-none-eabi/13.3.1/thumb/v6-m/nofp\libgcc.a(_divsi3.o)
                0x08000214                __divsi3
                0x08000214                __aeabi_idiv
                0x080003e0                __aeabi_idivmod
 .text          0x080003e8        0x4 C:/ST/STM32CubeIDE_1.19.0/STM32CubeIDE/plugins/com.st.stm32cube.ide.mcu.externaltools.gnu-tools-for-stm32.13.3.rel1.win32_1.0.0.202411081344/tools/bin/../lib/gcc/arm-none-eabi/13.3.1/thumb/v6-m/nofp\libgcc.a(_dvmd_tls.o)
                0x080003e8                __aeabi_idiv0
                0x080003e8                __aeabi_ldiv0
 *(.text*)
 .text.__NVIC_SystemReset
                0x080003ec       0x24 ./Core/Src/main.o
 .text.HAL_UART_RxCpltCallback
                0x08000410       0xc8 ./Core/Src/main.o
                0x08000410                HAL_UART_RxCpltCallback
 .text.sendFrame
                0x080004d8       0x58 ./Core/Src/main.o
                0x080004d8                sendFrame
 .text.telemetryFrame
                0x08000530       0x54 ./Core/Src/main.o
                0x08000530                telemetryFrame
 .text.sendTelemetryData
                0x08000584       0xa4 ./Core/Src/main.o
                0x08000584                sendTelemetryData
 .text.main     0x08000628      0x1e4 ./Core/Src/main.o
                0x08000628                main
 .text.SystemClock_Config
                0x0800080c       0xb4 ./Core/Src/main.o
                0x0800080c                SystemClock_Config
 .text.MX_TIM3_Init
                0x080008c0      0x134 ./Core/Src/main.o
 .text.MX_TIM6_Init
                0x080009f4       0x8c ./Core/Src/main.o
 .text.MX_TIM15_Init
                0x08000a80      0x194 ./Core/Src/main.o
 .text.MX_TIM16_Init
                0x08000c14      0x130 ./Core/Src/main.o
 .text.MX_TIM17_Init
                0x08000d44      0x120 ./Core/Src/main.o
 .text.MX_USART2_UART_Init
                0x08000e64       0x9c ./Core/Src/main.o
 .text.MX_DMA_Init
                0x08000f00       0x5c ./Core/Src/main.o
 .text.MX_GPIO_Init
                0x08000f5c       0xa4 ./Core/Src/main.o
 .text.getSensorsReadings
                0x08001000      0x204 ./Core/Src/main.o
                0x08001000                getSensorsReadings
 .text.SetServoAngle
                0x08001204       0x50 ./Core/Src/main.o
                0x08001204                SetServoAngle
 .text.stepperMove
                0x08001254       0x54 ./Core/Src/main.o
                0x08001254                stepperMove
 .text.stepperSetSpeed
                0x080012a8       0x5c ./Core/Src/main.o
                0x080012a8                stepperSetSpeed
 .text.stepperStopDisengaged
                0x08001304       0x70 ./Core/Src/main.o
                0x08001304                stepperStopDisengaged
 .text.stepperStopEngaged
                0x08001374       0x70 ./Core/Src/main.o
                0x08001374                stepperStopEngaged
 .text.stepperFollowSteps
                0x080013e4       0x5c ./Core/Src/main.o
                0x080013e4                stepperFollowSteps
 .text.HAL_TIM_PeriodElapsedCallback
                0x08001440       0x20 ./Core/Src/main.o
                0x08001440                HAL_TIM_PeriodElapsedCallback
 .text.STEPPER_TIM6_ISR
                0x08001460       0x80 ./Core/Src/main.o
                0x08001460                STEPPER_TIM6_ISR
 .text.handleModeToggle
                0x080014e0      0x110 ./Core/Src/main.o
                0x080014e0                handleModeToggle
 .text.handleAsyncCommands
                0x080015f0      0x164 ./Core/Src/main.o
                0x080015f0                handleAsyncCommands
 .text.FSM      0x08001754      0x224 ./Core/Src/main.o
                0x08001754                FSM
 .text.flashPWM_Start
                0x08001978       0x44 ./Core/Src/main.o
                0x08001978                flashPWM_Start
 .text.flashPWM_Stop
                0x080019bc       0x28 ./Core/Src/main.o
                0x080019bc                flashPWM_Stop
 .text.flashPWM_Sweep
                0x080019e4       0x90 ./Core/Src/main.o
                0x080019e4                flashPWM_Sweep
 .text.Error_Handler
                0x08001a74        0xc ./Core/Src/main.o
                0x08001a74                Error_Handler
 .text.HAL_MspInit
                0x08001a80       0x48 ./Core/Src/stm32g0xx_hal_msp.o
                0x08001a80                HAL_MspInit
 .text.HAL_TIM_Base_MspInit
                0x08001ac8      0x30c ./Core/Src/stm32g0xx_hal_msp.o
                0x08001ac8                HAL_TIM_Base_MspInit
 .text.HAL_TIM_MspPostInit
                0x08001dd4      0x128 ./Core/Src/stm32g0xx_hal_msp.o
                0x08001dd4                HAL_TIM_MspPostInit
 .text.HAL_UART_MspInit
                0x08001efc       0xd0 ./Core/Src/stm32g0xx_hal_msp.o
                0x08001efc                HAL_UART_MspInit
 .text.NMI_Handler
                0x08001fcc        0x8 ./Core/Src/stm32g0xx_it.o
                0x08001fcc                NMI_Handler
 .text.HardFault_Handler
                0x08001fd4        0x8 ./Core/Src/stm32g0xx_it.o
                0x08001fd4                HardFault_Handler
 .text.SVC_Handler
                0x08001fdc        0xa ./Core/Src/stm32g0xx_it.o
                0x08001fdc                SVC_Handler
 .text.PendSV_Handler
                0x08001fe6        0xa ./Core/Src/stm32g0xx_it.o
                0x08001fe6                PendSV_Handler
 .text.SysTick_Handler
                0x08001ff0        0xe ./Core/Src/stm32g0xx_it.o
                0x08001ff0                SysTick_Handler
 *fill*         0x08001ffe        0x2 
 .text.DMA1_Channel1_IRQHandler
                0x08002000       0x18 ./Core/Src/stm32g0xx_it.o
                0x08002000                DMA1_Channel1_IRQHandler
 .text.DMA1_Channel2_3_IRQHandler
                0x08002018       0x24 ./Core/Src/stm32g0xx_it.o
                0x08002018                DMA1_Channel2_3_IRQHandler
 .text.DMA1_Ch4_7_DMAMUX1_OVR_IRQHandler
                0x0800203c       0x18 ./Core/Src/stm32g0xx_it.o
                0x0800203c                DMA1_Ch4_7_DMAMUX1_OVR_IRQHandler
 .text.TIM6_IRQHandler
                0x08002054       0x18 ./Core/Src/stm32g0xx_it.o
                0x08002054                TIM6_IRQHandler
 .text.USART2_IRQHandler
                0x0800206c       0x18 ./Core/Src/stm32g0xx_it.o
                0x0800206c                USART2_IRQHandler
 .text.SystemInit
                0x08002084        0xa ./Core/Src/system_stm32g0xx.o
                0x08002084                SystemInit
 *fill*         0x0800208e        0x2 
 .text.Reset_Handler
                0x08002090       0x50 ./Core/Startup/startup_stm32g070cbtx.o
                0x08002090                Reset_Handler
 .text.Default_Handler
                0x080020e0        0x2 ./Core/Startup/startup_stm32g070cbtx.o
                0x080020e0                TIM1_CC_IRQHandler
                0x080020e0                I2C1_IRQHandler
                0x080020e0                RTC_TAMP_IRQHandler
                0x080020e0                SPI1_IRQHandler
                0x080020e0                USART3_4_IRQHandler
                0x080020e0                EXTI2_3_IRQHandler
                0x080020e0                ADC1_IRQHandler
                0x080020e0                I2C2_IRQHandler
                0x080020e0                TIM17_IRQHandler
                0x080020e0                TIM16_IRQHandler
                0x080020e0                TIM3_IRQHandler
                0x080020e0                EXTI4_15_IRQHandler
                0x080020e0                RCC_IRQHandler
                0x080020e0                Default_Handler
                0x080020e0                TIM14_IRQHandler
                0x080020e0                TIM7_IRQHandler
                0x080020e0                TIM15_IRQHandler
                0x080020e0                EXTI0_1_IRQHandler
                0x080020e0                SPI2_IRQHandler
                0x080020e0                WWDG_IRQHandler
                0x080020e0                FLASH_IRQHandler
                0x080020e0                USART1_IRQHandler
                0x080020e0                TIM1_BRK_UP_TRG_COM_IRQHandler
 *fill*         0x080020e2        0x2 
 .text.HAL_Init
                0x080020e4       0x40 ./Drivers/STM32G0xx_HAL_Driver/Src/stm32g0xx_hal.o
                0x080020e4                HAL_Init
 .text.HAL_InitTick
                0x08002124       0x94 ./Drivers/STM32G0xx_HAL_Driver/Src/stm32g0xx_hal.o
                0x08002124                HAL_InitTick
 .text.HAL_IncTick
                0x080021b8       0x24 ./Drivers/STM32G0xx_HAL_Driver/Src/stm32g0xx_hal.o
                0x080021b8                HAL_IncTick
 .text.HAL_GetTick
                0x080021dc       0x14 ./Drivers/STM32G0xx_HAL_Driver/Src/stm32g0xx_hal.o
                0x080021dc                HAL_GetTick
 .text.HAL_Delay
                0x080021f0       0x48 ./Drivers/STM32G0xx_HAL_Driver/Src/stm32g0xx_hal.o
                0x080021f0                HAL_Delay
 .text.__NVIC_EnableIRQ
                0x08002238       0x34 ./Drivers/STM32G0xx_HAL_Driver/Src/stm32g0xx_hal_cortex.o
 .text.__NVIC_SetPriority
                0x0800226c       0xdc ./Drivers/STM32G0xx_HAL_Driver/Src/stm32g0xx_hal_cortex.o
 .text.SysTick_Config
                0x08002348       0x48 ./Drivers/STM32G0xx_HAL_Driver/Src/stm32g0xx_hal_cortex.o
 .text.HAL_NVIC_SetPriority
                0x08002390       0x2a ./Drivers/STM32G0xx_HAL_Driver/Src/stm32g0xx_hal_cortex.o
                0x08002390                HAL_NVIC_SetPriority
 .text.HAL_NVIC_EnableIRQ
                0x080023ba       0x20 ./Drivers/STM32G0xx_HAL_Driver/Src/stm32g0xx_hal_cortex.o
                0x080023ba                HAL_NVIC_EnableIRQ
 .text.HAL_SYSTICK_Config
                0x080023da       0x1a ./Drivers/STM32G0xx_HAL_Driver/Src/stm32g0xx_hal_cortex.o
                0x080023da                HAL_SYSTICK_Config
 .text.HAL_DMA_Init
                0x080023f4      0x114 ./Drivers/STM32G0xx_HAL_Driver/Src/stm32g0xx_hal_dma.o
                0x080023f4                HAL_DMA_Init
 .text.HAL_DMA_Start_IT
                0x08002508      0x10c ./Drivers/STM32G0xx_HAL_Driver/Src/stm32g0xx_hal_dma.o
                0x08002508                HAL_DMA_Start_IT
 .text.HAL_DMA_Abort
                0x08002614       0xc4 ./Drivers/STM32G0xx_HAL_Driver/Src/stm32g0xx_hal_dma.o
                0x08002614                HAL_DMA_Abort
 .text.HAL_DMA_Abort_IT
                0x080026d8       0xd4 ./Drivers/STM32G0xx_HAL_Driver/Src/stm32g0xx_hal_dma.o
                0x080026d8                HAL_DMA_Abort_IT
 .text.HAL_DMA_IRQHandler
                0x080027ac      0x164 ./Drivers/STM32G0xx_HAL_Driver/Src/stm32g0xx_hal_dma.o
                0x080027ac                HAL_DMA_IRQHandler
 .text.DMA_SetConfig
                0x08002910       0x80 ./Drivers/STM32G0xx_HAL_Driver/Src/stm32g0xx_hal_dma.o
 .text.DMA_CalcDMAMUXChannelBaseAndMask
                0x08002990       0x58 ./Drivers/STM32G0xx_HAL_Driver/Src/stm32g0xx_hal_dma.o
 .text.DMA_CalcDMAMUXRequestGenBaseAndMask
                0x080029e8       0x48 ./Drivers/STM32G0xx_HAL_Driver/Src/stm32g0xx_hal_dma.o
 .text.HAL_GPIO_Init
                0x08002a30      0x2c8 ./Drivers/STM32G0xx_HAL_Driver/Src/stm32g0xx_hal_gpio.o
                0x08002a30                HAL_GPIO_Init
 .text.HAL_GPIO_WritePin
                0x08002cf8       0x3a ./Drivers/STM32G0xx_HAL_Driver/Src/stm32g0xx_hal_gpio.o
                0x08002cf8                HAL_GPIO_WritePin
 .text.HAL_GPIO_TogglePin
                0x08002d32       0x36 ./Drivers/STM32G0xx_HAL_Driver/Src/stm32g0xx_hal_gpio.o
                0x08002d32                HAL_GPIO_TogglePin
 .text.HAL_PWREx_ControlVoltageScaling
                0x08002d68       0x80 ./Drivers/STM32G0xx_HAL_Driver/Src/stm32g0xx_hal_pwr_ex.o
                0x08002d68                HAL_PWREx_ControlVoltageScaling
 .text.LL_RCC_GetAPB1Prescaler
                0x08002de8       0x18 ./Drivers/STM32G0xx_HAL_Driver/Src/stm32g0xx_hal_rcc.o
 .text.HAL_RCC_OscConfig
                0x08002e00      0x620 ./Drivers/STM32G0xx_HAL_Driver/Src/stm32g0xx_hal_rcc.o
                0x08002e00                HAL_RCC_OscConfig
 .text.HAL_RCC_ClockConfig
                0x08003420      0x210 ./Drivers/STM32G0xx_HAL_Driver/Src/stm32g0xx_hal_rcc.o
                0x08003420                HAL_RCC_ClockConfig
 .text.HAL_RCC_GetSysClockFreq
                0x08003630      0x104 ./Drivers/STM32G0xx_HAL_Driver/Src/stm32g0xx_hal_rcc.o
                0x08003630                HAL_RCC_GetSysClockFreq
 .text.HAL_RCC_GetHCLKFreq
                0x08003734       0x14 ./Drivers/STM32G0xx_HAL_Driver/Src/stm32g0xx_hal_rcc.o
                0x08003734                HAL_RCC_GetHCLKFreq
 .text.HAL_RCC_GetPCLK1Freq
                0x08003748       0x2c ./Drivers/STM32G0xx_HAL_Driver/Src/stm32g0xx_hal_rcc.o
                0x08003748                HAL_RCC_GetPCLK1Freq
 .text.HAL_RCCEx_PeriphCLKConfig
                0x08003774      0x268 ./Drivers/STM32G0xx_HAL_Driver/Src/stm32g0xx_hal_rcc_ex.o
                0x08003774                HAL_RCCEx_PeriphCLKConfig
 .text.HAL_TIM_Base_Init
                0x080039dc       0xb0 ./Drivers/STM32G0xx_HAL_Driver/Src/stm32g0xx_hal_tim.o
                0x080039dc                HAL_TIM_Base_Init
 .text.HAL_TIM_Base_Start
                0x08003a8c       0x9c ./Drivers/STM32G0xx_HAL_Driver/Src/stm32g0xx_hal_tim.o
                0x08003a8c                HAL_TIM_Base_Start
 .text.HAL_TIM_Base_Start_IT
                0x08003b28       0xac ./Drivers/STM32G0xx_HAL_Driver/Src/stm32g0xx_hal_tim.o
                0x08003b28                HAL_TIM_Base_Start_IT
 .text.HAL_TIM_PWM_Init
                0x08003bd4       0xb0 ./Drivers/STM32G0xx_HAL_Driver/Src/stm32g0xx_hal_tim.o
                0x08003bd4                HAL_TIM_PWM_Init
 .text.HAL_TIM_PWM_MspInit
                0x08003c84       0x10 ./Drivers/STM32G0xx_HAL_Driver/Src/stm32g0xx_hal_tim.o
                0x08003c84                HAL_TIM_PWM_MspInit
 .text.HAL_TIM_PWM_Start
                0x08003c94      0x1c8 ./Drivers/STM32G0xx_HAL_Driver/Src/stm32g0xx_hal_tim.o
                0x08003c94                HAL_TIM_PWM_Start
 .text.HAL_TIM_PWM_Stop
                0x08003e5c      0x118 ./Drivers/STM32G0xx_HAL_Driver/Src/stm32g0xx_hal_tim.o
                0x08003e5c                HAL_TIM_PWM_Stop
 .text.HAL_TIM_IC_Init
                0x08003f74       0xb0 ./Drivers/STM32G0xx_HAL_Driver/Src/stm32g0xx_hal_tim.o
                0x08003f74                HAL_TIM_IC_Init
 .text.HAL_TIM_IC_MspInit
                0x08004024       0x10 ./Drivers/STM32G0xx_HAL_Driver/Src/stm32g0xx_hal_tim.o
                0x08004024                HAL_TIM_IC_MspInit
 .text.HAL_TIM_IC_Start_DMA
                0x08004034      0x380 ./Drivers/STM32G0xx_HAL_Driver/Src/stm32g0xx_hal_tim.o
                0x08004034                HAL_TIM_IC_Start_DMA
 .text.HAL_TIM_IC_Stop_DMA
                0x080043b4      0x1a8 ./Drivers/STM32G0xx_HAL_Driver/Src/stm32g0xx_hal_tim.o
                0x080043b4                HAL_TIM_IC_Stop_DMA
 .text.HAL_TIM_IRQHandler
                0x0800455c      0x210 ./Drivers/STM32G0xx_HAL_Driver/Src/stm32g0xx_hal_tim.o
                0x0800455c                HAL_TIM_IRQHandler
 .text.HAL_TIM_IC_ConfigChannel
                0x0800476c      0x148 ./Drivers/STM32G0xx_HAL_Driver/Src/stm32g0xx_hal_tim.o
                0x0800476c                HAL_TIM_IC_ConfigChannel
 .text.HAL_TIM_PWM_ConfigChannel
                0x080048b4      0x200 ./Drivers/STM32G0xx_HAL_Driver/Src/stm32g0xx_hal_tim.o
                0x080048b4                HAL_TIM_PWM_ConfigChannel
 .text.HAL_TIM_ConfigClockSource
                0x08004ab4      0x1ac ./Drivers/STM32G0xx_HAL_Driver/Src/stm32g0xx_hal_tim.o
                0x08004ab4                HAL_TIM_ConfigClockSource
 .text.HAL_TIM_OC_DelayElapsedCallback
                0x08004c60       0x10 ./Drivers/STM32G0xx_HAL_Driver/Src/stm32g0xx_hal_tim.o
                0x08004c60                HAL_TIM_OC_DelayElapsedCallback
 .text.HAL_TIM_IC_CaptureCallback
                0x08004c70       0x10 ./Drivers/STM32G0xx_HAL_Driver/Src/stm32g0xx_hal_tim.o
                0x08004c70                HAL_TIM_IC_CaptureCallback
 .text.HAL_TIM_IC_CaptureHalfCpltCallback
                0x08004c80       0x10 ./Drivers/STM32G0xx_HAL_Driver/Src/stm32g0xx_hal_tim.o
                0x08004c80                HAL_TIM_IC_CaptureHalfCpltCallback
 .text.HAL_TIM_PWM_PulseFinishedCallback
                0x08004c90       0x10 ./Drivers/STM32G0xx_HAL_Driver/Src/stm32g0xx_hal_tim.o
                0x08004c90                HAL_TIM_PWM_PulseFinishedCallback
 .text.HAL_TIM_TriggerCallback
                0x08004ca0       0x10 ./Drivers/STM32G0xx_HAL_Driver/Src/stm32g0xx_hal_tim.o
                0x08004ca0                HAL_TIM_TriggerCallback
 .text.HAL_TIM_ErrorCallback
                0x08004cb0       0x10 ./Drivers/STM32G0xx_HAL_Driver/Src/stm32g0xx_hal_tim.o
                0x08004cb0                HAL_TIM_ErrorCallback
 .text.TIM_DMAError
                0x08004cc0       0x94 ./Drivers/STM32G0xx_HAL_Driver/Src/stm32g0xx_hal_tim.o
                0x08004cc0                TIM_DMAError
 .text.TIM_DMACaptureCplt
                0x08004d54       0xca ./Drivers/STM32G0xx_HAL_Driver/Src/stm32g0xx_hal_tim.o
                0x08004d54                TIM_DMACaptureCplt
 .text.TIM_DMACaptureHalfCplt
                0x08004e1e       0x6a ./Drivers/STM32G0xx_HAL_Driver/Src/stm32g0xx_hal_tim.o
                0x08004e1e                TIM_DMACaptureHalfCplt
 .text.TIM_Base_SetConfig
                0x08004e88      0x108 ./Drivers/STM32G0xx_HAL_Driver/Src/stm32g0xx_hal_tim.o
                0x08004e88                TIM_Base_SetConfig
 .text.TIM_OC1_SetConfig
                0x08004f90      0x114 ./Drivers/STM32G0xx_HAL_Driver/Src/stm32g0xx_hal_tim.o
 .text.TIM_OC2_SetConfig
                0x080050a4      0x108 ./Drivers/STM32G0xx_HAL_Driver/Src/stm32g0xx_hal_tim.o
                0x080050a4                TIM_OC2_SetConfig
 .text.TIM_OC3_SetConfig
                0x080051ac      0x110 ./Drivers/STM32G0xx_HAL_Driver/Src/stm32g0xx_hal_tim.o
 .text.TIM_OC4_SetConfig
                0x080052bc       0xd4 ./Drivers/STM32G0xx_HAL_Driver/Src/stm32g0xx_hal_tim.o
 .text.TIM_OC5_SetConfig
                0x08005390       0xc0 ./Drivers/STM32G0xx_HAL_Driver/Src/stm32g0xx_hal_tim.o
 .text.TIM_OC6_SetConfig
                0x08005450       0xc8 ./Drivers/STM32G0xx_HAL_Driver/Src/stm32g0xx_hal_tim.o
 .text.TIM_TI1_SetConfig
                0x08005518       0xb0 ./Drivers/STM32G0xx_HAL_Driver/Src/stm32g0xx_hal_tim.o
                0x08005518                TIM_TI1_SetConfig
 .text.TIM_TI1_ConfigInputStage
                0x080055c8       0x5c ./Drivers/STM32G0xx_HAL_Driver/Src/stm32g0xx_hal_tim.o
 .text.TIM_TI2_SetConfig
                0x08005624       0x84 ./Drivers/STM32G0xx_HAL_Driver/Src/stm32g0xx_hal_tim.o
 .text.TIM_TI2_ConfigInputStage
                0x080056a8       0x64 ./Drivers/STM32G0xx_HAL_Driver/Src/stm32g0xx_hal_tim.o
 .text.TIM_TI3_SetConfig
                0x0800570c       0x80 ./Drivers/STM32G0xx_HAL_Driver/Src/stm32g0xx_hal_tim.o
 .text.TIM_TI4_SetConfig
                0x0800578c       0x8c ./Drivers/STM32G0xx_HAL_Driver/Src/stm32g0xx_hal_tim.o
 .text.TIM_ITRx_SetConfig
                0x08005818       0x38 ./Drivers/STM32G0xx_HAL_Driver/Src/stm32g0xx_hal_tim.o
 .text.TIM_ETR_SetConfig
                0x08005850       0x40 ./Drivers/STM32G0xx_HAL_Driver/Src/stm32g0xx_hal_tim.o
                0x08005850                TIM_ETR_SetConfig
 .text.TIM_CCxChannelCmd
                0x08005890       0x46 ./Drivers/STM32G0xx_HAL_Driver/Src/stm32g0xx_hal_tim.o
                0x08005890                TIM_CCxChannelCmd
 *fill*         0x080058d6        0x2 
 .text.HAL_TIMEx_MasterConfigSynchronization
                0x080058d8       0xd0 ./Drivers/STM32G0xx_HAL_Driver/Src/stm32g0xx_hal_tim_ex.o
                0x080058d8                HAL_TIMEx_MasterConfigSynchronization
 .text.HAL_TIMEx_ConfigBreakDeadTime
                0x080059a8      0x138 ./Drivers/STM32G0xx_HAL_Driver/Src/stm32g0xx_hal_tim_ex.o
                0x080059a8                HAL_TIMEx_ConfigBreakDeadTime
 .text.HAL_TIMEx_CommutCallback
                0x08005ae0       0x10 ./Drivers/STM32G0xx_HAL_Driver/Src/stm32g0xx_hal_tim_ex.o
                0x08005ae0                HAL_TIMEx_CommutCallback
 .text.HAL_TIMEx_BreakCallback
                0x08005af0       0x10 ./Drivers/STM32G0xx_HAL_Driver/Src/stm32g0xx_hal_tim_ex.o
                0x08005af0                HAL_TIMEx_BreakCallback
 .text.HAL_TIMEx_Break2Callback
                0x08005b00       0x10 ./Drivers/STM32G0xx_HAL_Driver/Src/stm32g0xx_hal_tim_ex.o
                0x08005b00                HAL_TIMEx_Break2Callback
 .text.HAL_UART_Init
                0x08005b10       0xac ./Drivers/STM32G0xx_HAL_Driver/Src/stm32g0xx_hal_uart.o
                0x08005b10                HAL_UART_Init
 .text.HAL_UART_Transmit
                0x08005bbc      0x148 ./Drivers/STM32G0xx_HAL_Driver/Src/stm32g0xx_hal_uart.o
                0x08005bbc                HAL_UART_Transmit
 .text.HAL_UART_Receive_IT
                0x08005d04       0xae ./Drivers/STM32G0xx_HAL_Driver/Src/stm32g0xx_hal_uart.o
                0x08005d04                HAL_UART_Receive_IT
 *fill*         0x08005db2        0x2 
 .text.HAL_UART_IRQHandler
                0x08005db4      0x64c ./Drivers/STM32G0xx_HAL_Driver/Src/stm32g0xx_hal_uart.o
                0x08005db4                HAL_UART_IRQHandler
 .text.HAL_UART_TxCpltCallback
                0x08006400       0x10 ./Drivers/STM32G0xx_HAL_Driver/Src/stm32g0xx_hal_uart.o
                0x08006400                HAL_UART_TxCpltCallback
 .text.HAL_UART_ErrorCallback
                0x08006410       0x10 ./Drivers/STM32G0xx_HAL_Driver/Src/stm32g0xx_hal_uart.o
                0x08006410                HAL_UART_ErrorCallback
 .text.HAL_UARTEx_RxEventCallback
                0x08006420       0x16 ./Drivers/STM32G0xx_HAL_Driver/Src/stm32g0xx_hal_uart.o
                0x08006420                HAL_UARTEx_RxEventCallback
 *fill*         0x08006436        0x2 
 .text.UART_SetConfig
                0x08006438      0x348 ./Drivers/STM32G0xx_HAL_Driver/Src/stm32g0xx_hal_uart.o
                0x08006438                UART_SetConfig
 .text.UART_AdvFeatureConfig
                0x08006780      0x168 ./Drivers/STM32G0xx_HAL_Driver/Src/stm32g0xx_hal_uart.o
                0x08006780                UART_AdvFeatureConfig
 .text.UART_CheckIdleState
                0x080068e8      0x154 ./Drivers/STM32G0xx_HAL_Driver/Src/stm32g0xx_hal_uart.o
                0x080068e8                UART_CheckIdleState
 .text.UART_WaitOnFlagUntilTimeout
                0x08006a3c       0xde ./Drivers/STM32G0xx_HAL_Driver/Src/stm32g0xx_hal_uart.o
                0x08006a3c                UART_WaitOnFlagUntilTimeout
 *fill*         0x08006b1a        0x2 
 .text.UART_Start_Receive_IT
                0x08006b1c      0x248 ./Drivers/STM32G0xx_HAL_Driver/Src/stm32g0xx_hal_uart.o
                0x08006b1c                UART_Start_Receive_IT
 .text.UART_EndRxTransfer
                0x08006d64       0xcc ./Drivers/STM32G0xx_HAL_Driver/Src/stm32g0xx_hal_uart.o
 .text.UART_DMAAbortOnError
                0x08006e30       0x2e ./Drivers/STM32G0xx_HAL_Driver/Src/stm32g0xx_hal_uart.o
 .text.UART_EndTransmit_IT
                0x08006e5e       0x58 ./Drivers/STM32G0xx_HAL_Driver/Src/stm32g0xx_hal_uart.o
 *fill*         0x08006eb6        0x2 
 .text.UART_RxISR_8BIT
                0x08006eb8      0x1b8 ./Drivers/STM32G0xx_HAL_Driver/Src/stm32g0xx_hal_uart.o
 .text.UART_RxISR_16BIT
                0x08007070      0x1b8 ./Drivers/STM32G0xx_HAL_Driver/Src/stm32g0xx_hal_uart.o
 .text.UART_RxISR_8BIT_FIFOEN
                0x08007228      0x330 ./Drivers/STM32G0xx_HAL_Driver/Src/stm32g0xx_hal_uart.o
 .text.UART_RxISR_16BIT_FIFOEN
                0x08007558      0x348 ./Drivers/STM32G0xx_HAL_Driver/Src/stm32g0xx_hal_uart.o
 .text.HAL_UARTEx_WakeupCallback
                0x080078a0       0x10 ./Drivers/STM32G0xx_HAL_Driver/Src/stm32g0xx_hal_uart_ex.o
                0x080078a0                HAL_UARTEx_WakeupCallback
 .text.HAL_UARTEx_RxFifoFullCallback
                0x080078b0       0x10 ./Drivers/STM32G0xx_HAL_Driver/Src/stm32g0xx_hal_uart_ex.o
                0x080078b0                HAL_UARTEx_RxFifoFullCallback
 .text.HAL_UARTEx_TxFifoEmptyCallback
                0x080078c0       0x10 ./Drivers/STM32G0xx_HAL_Driver/Src/stm32g0xx_hal_uart_ex.o
                0x080078c0                HAL_UARTEx_TxFifoEmptyCallback
 .text.HAL_UARTEx_DisableFifoMode
                0x080078d0       0x74 ./Drivers/STM32G0xx_HAL_Driver/Src/stm32g0xx_hal_uart_ex.o
                0x080078d0                HAL_UARTEx_DisableFifoMode
 .text.HAL_UARTEx_SetTxFifoThreshold
                0x08007944       0x7e ./Drivers/STM32G0xx_HAL_Driver/Src/stm32g0xx_hal_uart_ex.o
                0x08007944                HAL_UARTEx_SetTxFifoThreshold
 *fill*         0x080079c2        0x2 
 .text.HAL_UARTEx_SetRxFifoThreshold
                0x080079c4       0x84 ./Drivers/STM32G0xx_HAL_Driver/Src/stm32g0xx_hal_uart_ex.o
                0x080079c4                HAL_UARTEx_SetRxFifoThreshold
 .text.UARTEx_SetNbDataToProcess
                0x08007a48       0xbc ./Drivers/STM32G0xx_HAL_Driver/Src/stm32g0xx_hal_uart_ex.o
 .text.memset   0x08007b04       0x10 C:/ST/STM32CubeIDE_1.19.0/STM32CubeIDE/plugins/com.st.stm32cube.ide.mcu.externaltools.gnu-tools-for-stm32.13.3.rel1.win32_1.0.0.202411081344/tools/bin/../lib/gcc/arm-none-eabi/13.3.1/../../../../arm-none-eabi/lib/thumb/v6-m/nofp\libc_nano.a(libc_a-memset.o)
                0x08007b04                memset
 .text.__libc_init_array
                0x08007b14       0x48 C:/ST/STM32CubeIDE_1.19.0/STM32CubeIDE/plugins/com.st.stm32cube.ide.mcu.externaltools.gnu-tools-for-stm32.13.3.rel1.win32_1.0.0.202411081344/tools/bin/../lib/gcc/arm-none-eabi/13.3.1/../../../../arm-none-eabi/lib/thumb/v6-m/nofp\libc_nano.a(libc_a-init.o)
                0x08007b14                __libc_init_array
 *(.glue_7)
 .glue_7        0x08007b5c        0x0 linker stubs
 *(.glue_7t)
 .glue_7t       0x08007b5c        0x0 linker stubs
 *(.eh_frame)
 .eh_frame      0x08007b5c        0x0 C:/ST/STM32CubeIDE_1.19.0/STM32CubeIDE/plugins/com.st.stm32cube.ide.mcu.externaltools.gnu-tools-for-stm32.13.3.rel1.win32_1.0.0.202411081344/tools/bin/../lib/gcc/arm-none-eabi/13.3.1/thumb/v6-m/nofp/crtbegin.o
 *(.init)
 .init          0x08007b5c        0x4 C:/ST/STM32CubeIDE_1.19.0/STM32CubeIDE/plugins/com.st.stm32cube.ide.mcu.externaltools.gnu-tools-for-stm32.13.3.rel1.win32_1.0.0.202411081344/tools/bin/../lib/gcc/arm-none-eabi/13.3.1/thumb/v6-m/nofp/crti.o
                0x08007b5c                _init
 .init          0x08007b60        0x8 C:/ST/STM32CubeIDE_1.19.0/STM32CubeIDE/plugins/com.st.stm32cube.ide.mcu.externaltools.gnu-tools-for-stm32.13.3.rel1.win32_1.0.0.202411081344/tools/bin/../lib/gcc/arm-none-eabi/13.3.1/thumb/v6-m/nofp/crtn.o
 *(.fini)
 .fini          0x08007b68        0x4 C:/ST/STM32CubeIDE_1.19.0/STM32CubeIDE/plugins/com.st.stm32cube.ide.mcu.externaltools.gnu-tools-for-stm32.13.3.rel1.win32_1.0.0.202411081344/tools/bin/../lib/gcc/arm-none-eabi/13.3.1/thumb/v6-m/nofp/crti.o
                0x08007b68                _fini
 .fini          0x08007b6c        0x8 C:/ST/STM32CubeIDE_1.19.0/STM32CubeIDE/plugins/com.st.stm32cube.ide.mcu.externaltools.gnu-tools-for-stm32.13.3.rel1.win32_1.0.0.202411081344/tools/bin/../lib/gcc/arm-none-eabi/13.3.1/thumb/v6-m/nofp/crtn.o
                0x08007b74                        . = ALIGN (0x4)
                0x08007b74                        _etext = .

.vfp11_veneer   0x08007b74        0x0
 .vfp11_veneer  0x08007b74        0x0 linker stubs

.v4_bx          0x08007b74        0x0
 .v4_bx         0x08007b74        0x0 linker stubs

.iplt           0x08007b74        0x0
 .iplt          0x08007b74        0x0 C:/ST/STM32CubeIDE_1.19.0/STM32CubeIDE/plugins/com.st.stm32cube.ide.mcu.externaltools.gnu-tools-for-stm32.13.3.rel1.win32_1.0.0.202411081344/tools/bin/../lib/gcc/arm-none-eabi/13.3.1/thumb/v6-m/nofp/crtbegin.o

.rodata         0x08007b74      0x158
                0x08007b74                        . = ALIGN (0x4)
 *(.rodata)
 *(.rodata*)
 .rodata.handleAsyncCommands
                0x08007b74       0x54 ./Core/Src/main.o
 .rodata.FSM    0x08007bc8       0x28 ./Core/Src/main.o
 .rodata.AHBPrescTable
                0x08007bf0       0x40 ./Core/Src/system_stm32g0xx.o
                0x08007bf0                AHBPrescTable
 .rodata.APBPrescTable
                0x08007c30       0x20 ./Core/Src/system_stm32g0xx.o
                0x08007c30                APBPrescTable
 .rodata.HAL_TIM_PWM_ConfigChannel
                0x08007c50       0x54 ./Drivers/STM32G0xx_HAL_Driver/Src/stm32g0xx_hal_tim.o
 .rodata.UARTPrescTable
                0x08007ca4       0x18 ./Drivers/STM32G0xx_HAL_Driver/Src/stm32g0xx_hal_uart.o
                0x08007ca4                UARTPrescTable
 .rodata.numerator.1
                0x08007cbc        0x8 ./Drivers/STM32G0xx_HAL_Driver/Src/stm32g0xx_hal_uart_ex.o
 .rodata.denominator.0
                0x08007cc4        0x8 ./Drivers/STM32G0xx_HAL_Driver/Src/stm32g0xx_hal_uart_ex.o
                0x08007ccc                        . = ALIGN (0x4)

.ARM.extab      0x08007ccc        0x0
                0x08007ccc                        . = ALIGN (0x4)
 *(.ARM.extab* .gnu.linkonce.armextab.*)
                0x08007ccc                        . = ALIGN (0x4)

.ARM            0x08007ccc        0x0
                0x08007ccc                        . = ALIGN (0x4)
                0x08007ccc                        __exidx_start = .
 *(.ARM.exidx*)
                0x08007ccc                        __exidx_end = .
                0x08007ccc                        . = ALIGN (0x4)

.preinit_array  0x08007ccc        0x0
                0x08007ccc                        . = ALIGN (0x4)
                0x08007ccc                        PROVIDE (__preinit_array_start = .)
 *(.preinit_array*)
                0x08007ccc                        PROVIDE (__preinit_array_end = .)
                0x08007ccc                        . = ALIGN (0x4)

.init_array     0x08007ccc        0x4
                0x08007ccc                        . = ALIGN (0x4)
                0x08007ccc                        PROVIDE (__init_array_start = .)
 *(SORT_BY_NAME(.init_array.*))
 *(.init_array*)
 .init_array    0x08007ccc        0x4 C:/ST/STM32CubeIDE_1.19.0/STM32CubeIDE/plugins/com.st.stm32cube.ide.mcu.externaltools.gnu-tools-for-stm32.13.3.rel1.win32_1.0.0.202411081344/tools/bin/../lib/gcc/arm-none-eabi/13.3.1/thumb/v6-m/nofp/crtbegin.o
                0x08007cd0                        PROVIDE (__init_array_end = .)
                0x08007cd0                        . = ALIGN (0x4)

.fini_array     0x08007cd0        0x4
                0x08007cd0                        . = ALIGN (0x4)
                [!provide]                        PROVIDE (__fini_array_start = .)
 *(SORT_BY_NAME(.fini_array.*))
 *(.fini_array*)
 .fini_array    0x08007cd0        0x4 C:/ST/STM32CubeIDE_1.19.0/STM32CubeIDE/plugins/com.st.stm32cube.ide.mcu.externaltools.gnu-tools-for-stm32.13.3.rel1.win32_1.0.0.202411081344/tools/bin/../lib/gcc/arm-none-eabi/13.3.1/thumb/v6-m/nofp/crtbegin.o
                [!provide]                        PROVIDE (__fini_array_end = .)
                0x08007cd4                        . = ALIGN (0x4)
                0x08007cd4                        _sidata = LOADADDR (.data)

.rel.dyn        0x08007cd4        0x0
 .rel.iplt      0x08007cd4        0x0 C:/ST/STM32CubeIDE_1.19.0/STM32CubeIDE/plugins/com.st.stm32cube.ide.mcu.externaltools.gnu-tools-for-stm32.13.3.rel1.win32_1.0.0.202411081344/tools/bin/../lib/gcc/arm-none-eabi/13.3.1/thumb/v6-m/nofp/crtbegin.o

.data           0x20000000       0x24 load address 0x08007cd4
                0x20000000                        . = ALIGN (0x4)
                0x20000000                        _sdata = .
 *(.data)
 *(.data*)
 .data.openAngle
                0x20000000        0x1 ./Core/Src/main.o
                0x20000000                openAngle
 .data.pulse_ctrl
                0x20000001        0x1 ./Core/Src/main.o
                0x20000001                pulse_ctrl
 *fill*         0x20000002        0x2 
 .data.stepperEN
                0x20000004        0x4 ./Core/Src/main.o
                0x20000004                stepperEN
 .data.sensUPDT
                0x20000008        0x4 ./Core/Src/main.o
                0x20000008                sensUPDT
 .data.sensStatusByteLast
                0x2000000c        0x1 ./Core/Src/main.o
                0x2000000c                sensStatusByteLast
 .data.last_state
                0x2000000d        0x1 ./Core/Src/main.o
                0x2000000d                last_state
 *fill*         0x2000000e        0x2 
 .data.flashSweep_duty
                0x20000010        0x4 ./Core/Src/main.o
                0x20000010                flashSweep_duty
 .data.flashSweep_dir
                0x20000014        0x1 ./Core/Src/main.o
                0x20000014                flashSweep_dir
 *fill*         0x20000015        0x3 
 .data.SystemCoreClock
                0x20000018        0x4 ./Core/Src/system_stm32g0xx.o
                0x20000018                SystemCoreClock
 .data.uwTickPrio
                0x2000001c        0x4 ./Drivers/STM32G0xx_HAL_Driver/Src/stm32g0xx_hal.o
                0x2000001c                uwTickPrio
 .data.uwTickFreq
                0x20000020        0x1 ./Drivers/STM32G0xx_HAL_Driver/Src/stm32g0xx_hal.o
                0x20000020                uwTickFreq
 *(.RamFunc)
 *(.RamFunc*)
                0x20000024                        . = ALIGN (0x4)
 *fill*         0x20000021        0x3 
                0x20000024                        _edata = .

.igot.plt       0x20000024        0x0 load address 0x08007cf8
 .igot.plt      0x20000024        0x0 C:/ST/STM32CubeIDE_1.19.0/STM32CubeIDE/plugins/com.st.stm32cube.ide.mcu.externaltools.gnu-tools-for-stm32.13.3.rel1.win32_1.0.0.202411081344/tools/bin/../lib/gcc/arm-none-eabi/13.3.1/thumb/v6-m/nofp/crtbegin.o
                0x20000024                        . = ALIGN (0x4)

.bss            0x20000024      0x418 load address 0x08007cf8
                0x20000024                        _sbss = .
                0x20000024                        __bss_start__ = _sbss
 *(.bss)
 .bss           0x20000024       0x1c C:/ST/STM32CubeIDE_1.19.0/STM32CubeIDE/plugins/com.st.stm32cube.ide.mcu.externaltools.gnu-tools-for-stm32.13.3.rel1.win32_1.0.0.202411081344/tools/bin/../lib/gcc/arm-none-eabi/13.3.1/thumb/v6-m/nofp/crtbegin.o
 *(.bss*)
 .bss.htim3     0x20000040       0x4c ./Core/Src/main.o
                0x20000040                htim3
 .bss.htim6     0x2000008c       0x4c ./Core/Src/main.o
                0x2000008c                htim6
 .bss.htim15    0x200000d8       0x4c ./Core/Src/main.o
                0x200000d8                htim15
 .bss.htim16    0x20000124       0x4c ./Core/Src/main.o
                0x20000124                htim16
 .bss.htim17    0x20000170       0x4c ./Core/Src/main.o
                0x20000170                htim17
 .bss.hdma_tim3_ch1
                0x200001bc       0x5c ./Core/Src/main.o
                0x200001bc                hdma_tim3_ch1
 .bss.hdma_tim3_ch2
                0x20000218       0x5c ./Core/Src/main.o
                0x20000218                hdma_tim3_ch2
 .bss.hdma_tim3_ch3
                0x20000274       0x5c ./Core/Src/main.o
                0x20000274                hdma_tim3_ch3
 .bss.hdma_tim3_ch4
                0x200002d0       0x5c ./Core/Src/main.o
                0x200002d0                hdma_tim3_ch4
 .bss.huart2    0x2000032c       0x94 ./Core/Src/main.o
                0x2000032c                huart2
 .bss.closeAngle
                0x200003c0        0x1 ./Core/Src/main.o
                0x200003c0                closeAngle
 .bss.movement_done_flag
                0x200003c1        0x1 ./Core/Src/main.o
                0x200003c1                movement_done_flag
 *fill*         0x200003c2        0x2 
 .bss.targetStepps
                0x200003c4        0x4 ./Core/Src/main.o
                0x200003c4                targetStepps
 .bss.stepperDirInst
                0x200003c8        0x1 ./Core/Src/main.o
                0x200003c8                stepperDirInst
 *fill*         0x200003c9        0x3 
 .bss.nowTick   0x200003cc        0x4 ./Core/Src/main.o
                0x200003cc                nowTick
 .bss.inputCapture_SENS1
                0x200003d0        0x8 ./Core/Src/main.o
                0x200003d0                inputCapture_SENS1
 .bss.SENS1_capture
                0x200003d8        0x4 ./Core/Src/main.o
                0x200003d8                SENS1_capture
 .bss.SENS1_freq
                0x200003dc        0x4 ./Core/Src/main.o
                0x200003dc                SENS1_freq
 .bss.SENS1_flag
                0x200003e0        0x1 ./Core/Src/main.o
                0x200003e0                SENS1_flag
 *fill*         0x200003e1        0x3 
 .bss.inputCapture_SENS2
                0x200003e4        0x8 ./Core/Src/main.o
                0x200003e4                inputCapture_SENS2
 .bss.SENS2_capture
                0x200003ec        0x4 ./Core/Src/main.o
                0x200003ec                SENS2_capture
 .bss.SENS2_freq
                0x200003f0        0x4 ./Core/Src/main.o
                0x200003f0                SENS2_freq
 .bss.SENS2_flag
                0x200003f4        0x1 ./Core/Src/main.o
                0x200003f4                SENS2_flag
 *fill*         0x200003f5        0x3 
 .bss.inputCapture_SENS3
                0x200003f8        0x8 ./Core/Src/main.o
                0x200003f8                inputCapture_SENS3
 .bss.SENS3_capture
                0x20000400        0x4 ./Core/Src/main.o
                0x20000400                SENS3_capture
 .bss.SENS3_freq
                0x20000404        0x4 ./Core/Src/main.o
                0x20000404                SENS3_freq
 .bss.SENS3_flag
                0x20000408        0x1 ./Core/Src/main.o
                0x20000408                SENS3_flag
 *fill*         0x20000409        0x3 
 .bss.inputCapture_SENS4
                0x2000040c        0x8 ./Core/Src/main.o
                0x2000040c                inputCapture_SENS4
 .bss.SENS4_capture
                0x20000414        0x4 ./Core/Src/main.o
                0x20000414                SENS4_capture
 .bss.SENS4_freq
                0x20000418        0x4 ./Core/Src/main.o
                0x20000418                SENS4_freq
 .bss.SENS4_flag
                0x2000041c        0x1 ./Core/Src/main.o
                0x2000041c                SENS4_flag
 .bss.sensStatusByte
                0x2000041d        0x1 ./Core/Src/main.o
                0x2000041d                sensStatusByte
 .bss.state     0x2000041e        0x1 ./Core/Src/main.o
                0x2000041e                state
 .bss.operationMode
                0x2000041f        0x1 ./Core/Src/main.o
                0x2000041f                operationMode
 .bss.rxFrameState
                0x20000420        0x1 ./Core/Src/main.o
                0x20000420                rxFrameState
 .bss.rxPendingCMD
                0x20000421        0x1 ./Core/Src/main.o
                0x20000421                rxPendingCMD
 .bss.rxFrameReady
                0x20000422        0x1 ./Core/Src/main.o
                0x20000422                rxFrameReady
 .bss.rxCMD     0x20000423        0x1 ./Core/Src/main.o
                0x20000423                rxCMD
 .bss.rxDATA    0x20000424        0x1 ./Core/Src/main.o
                0x20000424                rxDATA
 .bss.objDetectedMSG_flag
                0x20000425        0x1 ./Core/Src/main.o
                0x20000425                objDetectedMSG_flag
 .bss.classificationRequestMSG_flag
                0x20000426        0x1 ./Core/Src/main.o
                0x20000426                classificationRequestMSG_flag
 .bss.routeAforwardingMSG_flag
                0x20000427        0x1 ./Core/Src/main.o
                0x20000427                routeAforwardingMSG_flag
 .bss.routeBforwardingMSG_flag
                0x20000428        0x1 ./Core/Src/main.o
                0x20000428                routeBforwardingMSG_flag
 .bss.routeASuccesDeliveryMSG_flag
                0x20000429        0x1 ./Core/Src/main.o
                0x20000429                routeASuccesDeliveryMSG_flag
 .bss.routeBSuccesDeliveryMSG_flag
                0x2000042a        0x1 ./Core/Src/main.o
                0x2000042a                routeBSuccesDeliveryMSG_flag
 *fill*         0x2000042b        0x1 
 .bss.flashSweep_lastTick
                0x2000042c        0x4 ./Core/Src/main.o
                0x2000042c                flashSweep_lastTick
 .bss.rxBuffer  0x20000430        0x5 ./Core/Src/main.o
                0x20000430                rxBuffer
 *fill*         0x20000435        0x3 
 .bss.uwTick    0x20000438        0x4 ./Drivers/STM32G0xx_HAL_Driver/Src/stm32g0xx_hal.o
                0x20000438                uwTick
 *(COMMON)
                0x2000043c                        . = ALIGN (0x4)
                0x2000043c                        _ebss = .
                0x2000043c                        __bss_end__ = _ebss

._user_heap_stack
                0x2000043c      0x604 load address 0x08007cf8
                0x20000440                        . = ALIGN (0x8)
 *fill*         0x2000043c        0x4 
                [!provide]                        PROVIDE (end = .)
                0x20000440                        PROVIDE (_end = .)
                0x20000640                        . = (. + _Min_Heap_Size)
 *fill*         0x20000440      0x200 
                0x20000a40                        . = (. + _Min_Stack_Size)
 *fill*         0x20000640      0x400 
                0x20000a40                        . = ALIGN (0x8)

/DISCARD/
 libc.a(*)
 libm.a(*)
 libgcc.a(*)

.ARM.attributes
                0x00000000       0x28
 *(.ARM.attributes)
 .ARM.attributes
                0x00000000       0x1e C:/ST/STM32CubeIDE_1.19.0/STM32CubeIDE/plugins/com.st.stm32cube.ide.mcu.externaltools.gnu-tools-for-stm32.13.3.rel1.win32_1.0.0.202411081344/tools/bin/../lib/gcc/arm-none-eabi/13.3.1/thumb/v6-m/nofp/crti.o
 .ARM.attributes
                0x0000001e       0x2c C:/ST/STM32CubeIDE_1.19.0/STM32CubeIDE/plugins/com.st.stm32cube.ide.mcu.externaltools.gnu-tools-for-stm32.13.3.rel1.win32_1.0.0.202411081344/tools/bin/../lib/gcc/arm-none-eabi/13.3.1/thumb/v6-m/nofp/crtbegin.o
 .ARM.attributes
                0x0000004a       0x2c ./Core/Src/main.o
 .ARM.attributes
                0x00000076       0x2c ./Core/Src/stm32g0xx_hal_msp.o
 .ARM.attributes
                0x000000a2       0x2c ./Core/Src/stm32g0xx_it.o
 .ARM.attributes
                0x000000ce       0x2c ./Core/Src/system_stm32g0xx.o
 .ARM.attributes
                0x000000fa       0x22 ./Core/Startup/startup_stm32g070cbtx.o
 .ARM.attributes
                0x0000011c       0x2c ./Drivers/STM32G0xx_HAL_Driver/Src/stm32g0xx_hal.o
 .ARM.attributes
                0x00000148       0x2c ./Drivers/STM32G0xx_HAL_Driver/Src/stm32g0xx_hal_cortex.o
 .ARM.attributes
                0x00000174       0x2c ./Drivers/STM32G0xx_HAL_Driver/Src/stm32g0xx_hal_dma.o
 .ARM.attributes
                0x000001a0       0x2c ./Drivers/STM32G0xx_HAL_Driver/Src/stm32g0xx_hal_gpio.o
 .ARM.attributes
                0x000001cc       0x2c ./Drivers/STM32G0xx_HAL_Driver/Src/stm32g0xx_hal_pwr_ex.o
 .ARM.attributes
                0x000001f8       0x2c ./Drivers/STM32G0xx_HAL_Driver/Src/stm32g0xx_hal_rcc.o
 .ARM.attributes
                0x00000224       0x2c ./Drivers/STM32G0xx_HAL_Driver/Src/stm32g0xx_hal_rcc_ex.o
 .ARM.attributes
                0x00000250       0x2c ./Drivers/STM32G0xx_HAL_Driver/Src/stm32g0xx_hal_tim.o
 .ARM.attributes
                0x0000027c       0x2c ./Drivers/STM32G0xx_HAL_Driver/Src/stm32g0xx_hal_tim_ex.o
 .ARM.attributes
                0x000002a8       0x2c ./Drivers/STM32G0xx_HAL_Driver/Src/stm32g0xx_hal_uart.o
 .ARM.attributes
                0x000002d4       0x2c ./Drivers/STM32G0xx_HAL_Driver/Src/stm32g0xx_hal_uart_ex.o
 .ARM.attributes
                0x00000300       0x2c C:/ST/STM32CubeIDE_1.19.0/STM32CubeIDE/plugins/com.st.stm32cube.ide.mcu.externaltools.gnu-tools-for-stm32.13.3.rel1.win32_1.0.0.202411081344/tools/bin/../lib/gcc/arm-none-eabi/13.3.1/../../../../arm-none-eabi/lib/thumb/v6-m/nofp\libc_nano.a(libc_a-memset.o)
 .ARM.attributes
                0x0000032c       0x2c C:/ST/STM32CubeIDE_1.19.0/STM32CubeIDE/plugins/com.st.stm32cube.ide.mcu.externaltools.gnu-tools-for-stm32.13.3.rel1.win32_1.0.0.202411081344/tools/bin/../lib/gcc/arm-none-eabi/13.3.1/../../../../arm-none-eabi/lib/thumb/v6-m/nofp\libc_nano.a(libc_a-init.o)
 .ARM.attributes
                0x00000358       0x1e C:/ST/STM32CubeIDE_1.19.0/STM32CubeIDE/plugins/com.st.stm32cube.ide.mcu.externaltools.gnu-tools-for-stm32.13.3.rel1.win32_1.0.0.202411081344/tools/bin/../lib/gcc/arm-none-eabi/13.3.1/thumb/v6-m/nofp\libgcc.a(_udivsi3.o)
 .ARM.attributes
                0x00000376       0x1e C:/ST/STM32CubeIDE_1.19.0/STM32CubeIDE/plugins/com.st.stm32cube.ide.mcu.externaltools.gnu-tools-for-stm32.13.3.rel1.win32_1.0.0.202411081344/tools/bin/../lib/gcc/arm-none-eabi/13.3.1/thumb/v6-m/nofp\libgcc.a(_divsi3.o)
 .ARM.attributes
                0x00000394       0x1e C:/ST/STM32CubeIDE_1.19.0/STM32CubeIDE/plugins/com.st.stm32cube.ide.mcu.externaltools.gnu-tools-for-stm32.13.3.rel1.win32_1.0.0.202411081344/tools/bin/../lib/gcc/arm-none-eabi/13.3.1/thumb/v6-m/nofp\libgcc.a(_dvmd_tls.o)
 .ARM.attributes
                0x000003b2       0x1e C:/ST/STM32CubeIDE_1.19.0/STM32CubeIDE/plugins/com.st.stm32cube.ide.mcu.externaltools.gnu-tools-for-stm32.13.3.rel1.win32_1.0.0.202411081344/tools/bin/../lib/gcc/arm-none-eabi/13.3.1/thumb/v6-m/nofp/crtn.o
OUTPUT(FW_CONTROLADORA_ESTEIRA_SOE.elf elf32-littlearm)
LOAD linker stubs
LOAD C:/ST/STM32CubeIDE_1.19.0/STM32CubeIDE/plugins/com.st.stm32cube.ide.mcu.externaltools.gnu-tools-for-stm32.13.3.rel1.win32_1.0.0.202411081344/tools/bin/../lib/gcc/arm-none-eabi/13.3.1/../../../../arm-none-eabi/lib/thumb/v6-m/nofp\libc.a
LOAD C:/ST/STM32CubeIDE_1.19.0/STM32CubeIDE/plugins/com.st.stm32cube.ide.mcu.externaltools.gnu-tools-for-stm32.13.3.rel1.win32_1.0.0.202411081344/tools/bin/../lib/gcc/arm-none-eabi/13.3.1/../../../../arm-none-eabi/lib/thumb/v6-m/nofp\libm.a
LOAD C:/ST/STM32CubeIDE_1.19.0/STM32CubeIDE/plugins/com.st.stm32cube.ide.mcu.externaltools.gnu-tools-for-stm32.13.3.rel1.win32_1.0.0.202411081344/tools/bin/../lib/gcc/arm-none-eabi/13.3.1/thumb/v6-m/nofp\libgcc.a

.debug_info     0x00000000    0x1144b
 .debug_info    0x00000000     0x2038 ./Core/Src/main.o
 .debug_info    0x00002038     0x1246 ./Core/Src/stm32g0xx_hal_msp.o
 .debug_info    0x0000327e      0xbfe ./Core/Src/stm32g0xx_it.o
 .debug_info    0x00003e7c      0x316 ./Core/Src/system_stm32g0xx.o
 .debug_info    0x00004192       0x30 ./Core/Startup/startup_stm32g070cbtx.o
 .debug_info    0x000041c2      0x8ef ./Drivers/STM32G0xx_HAL_Driver/Src/stm32g0xx_hal.o
 .debug_info    0x00004ab1      0x8c1 ./Drivers/STM32G0xx_HAL_Driver/Src/stm32g0xx_hal_cortex.o
 .debug_info    0x00005372      0x86b ./Drivers/STM32G0xx_HAL_Driver/Src/stm32g0xx_hal_dma.o
 .debug_info    0x00005bdd      0x59d ./Drivers/STM32G0xx_HAL_Driver/Src/stm32g0xx_hal_gpio.o
 .debug_info    0x0000617a      0x496 ./Drivers/STM32G0xx_HAL_Driver/Src/stm32g0xx_hal_pwr_ex.o
 .debug_info    0x00006610      0xad4 ./Drivers/STM32G0xx_HAL_Driver/Src/stm32g0xx_hal_rcc.o
 .debug_info    0x000070e4      0x737 ./Drivers/STM32G0xx_HAL_Driver/Src/stm32g0xx_hal_rcc_ex.o
 .debug_info    0x0000781b     0x2ba7 ./Drivers/STM32G0xx_HAL_Driver/Src/stm32g0xx_hal_tim.o
 .debug_info    0x0000a3c2     0x18b8 ./Drivers/STM32G0xx_HAL_Driver/Src/stm32g0xx_hal_tim_ex.o
 .debug_info    0x0000bc7a     0x483c ./Drivers/STM32G0xx_HAL_Driver/Src/stm32g0xx_hal_uart.o
 .debug_info    0x000104b6      0xf95 ./Drivers/STM32G0xx_HAL_Driver/Src/stm32g0xx_hal_uart_ex.o

.debug_abbrev   0x00000000     0x23d7
 .debug_abbrev  0x00000000      0x380 ./Core/Src/main.o
 .debug_abbrev  0x00000380      0x25e ./Core/Src/stm32g0xx_hal_msp.o
 .debug_abbrev  0x000005de      0x1bf ./Core/Src/stm32g0xx_it.o
 .debug_abbrev  0x0000079d      0x119 ./Core/Src/system_stm32g0xx.o
 .debug_abbrev  0x000008b6       0x24 ./Core/Startup/startup_stm32g070cbtx.o
 .debug_abbrev  0x000008da      0x2b4 ./Drivers/STM32G0xx_HAL_Driver/Src/stm32g0xx_hal.o
 .debug_abbrev  0x00000b8e      0x2ab ./Drivers/STM32G0xx_HAL_Driver/Src/stm32g0xx_hal_cortex.o
 .debug_abbrev  0x00000e39      0x1e1 ./Drivers/STM32G0xx_HAL_Driver/Src/stm32g0xx_hal_dma.o
 .debug_abbrev  0x0000101a      0x1c3 ./Drivers/STM32G0xx_HAL_Driver/Src/stm32g0xx_hal_gpio.o
 .debug_abbrev  0x000011dd      0x1d7 ./Drivers/STM32G0xx_HAL_Driver/Src/stm32g0xx_hal_pwr_ex.o
 .debug_abbrev  0x000013b4      0x2a9 ./Drivers/STM32G0xx_HAL_Driver/Src/stm32g0xx_hal_rcc.o
 .debug_abbrev  0x0000165d      0x229 ./Drivers/STM32G0xx_HAL_Driver/Src/stm32g0xx_hal_rcc_ex.o
 .debug_abbrev  0x00001886      0x29b ./Drivers/STM32G0xx_HAL_Driver/Src/stm32g0xx_hal_tim.o
 .debug_abbrev  0x00001b21      0x2ab ./Drivers/STM32G0xx_HAL_Driver/Src/stm32g0xx_hal_tim_ex.o
 .debug_abbrev  0x00001dcc      0x326 ./Drivers/STM32G0xx_HAL_Driver/Src/stm32g0xx_hal_uart.o
 .debug_abbrev  0x000020f2      0x2e5 ./Drivers/STM32G0xx_HAL_Driver/Src/stm32g0xx_hal_uart_ex.o

.debug_aranges  0x00000000      0xec0
 .debug_aranges
                0x00000000      0x110 ./Core/Src/main.o
 .debug_aranges
                0x00000110       0x48 ./Core/Src/stm32g0xx_hal_msp.o
 .debug_aranges
                0x00000158       0x68 ./Core/Src/stm32g0xx_it.o
 .debug_aranges
                0x000001c0       0x28 ./Core/Src/system_stm32g0xx.o
 .debug_aranges
                0x000001e8       0x28 ./Core/Startup/startup_stm32g070cbtx.o
 .debug_aranges
                0x00000210       0xf8 ./Drivers/STM32G0xx_HAL_Driver/Src/stm32g0xx_hal.o
 .debug_aranges
                0x00000308       0xe8 ./Drivers/STM32G0xx_HAL_Driver/Src/stm32g0xx_hal_cortex.o
 .debug_aranges
                0x000003f0       0x90 ./Drivers/STM32G0xx_HAL_Driver/Src/stm32g0xx_hal_dma.o
 .debug_aranges
                0x00000480       0x60 ./Drivers/STM32G0xx_HAL_Driver/Src/stm32g0xx_hal_gpio.o
 .debug_aranges
                0x000004e0       0x98 ./Drivers/STM32G0xx_HAL_Driver/Src/stm32g0xx_hal_pwr_ex.o
 .debug_aranges
                0x00000578       0xa0 ./Drivers/STM32G0xx_HAL_Driver/Src/stm32g0xx_hal_rcc.o
 .debug_aranges
                0x00000618       0x40 ./Drivers/STM32G0xx_HAL_Driver/Src/stm32g0xx_hal_rcc_ex.o
 .debug_aranges
                0x00000658      0x3e0 ./Drivers/STM32G0xx_HAL_Driver/Src/stm32g0xx_hal_tim.o
 .debug_aranges
                0x00000a38      0x198 ./Drivers/STM32G0xx_HAL_Driver/Src/stm32g0xx_hal_tim_ex.o
 .debug_aranges
                0x00000bd0      0x248 ./Drivers/STM32G0xx_HAL_Driver/Src/stm32g0xx_hal_uart.o
 .debug_aranges
                0x00000e18       0xa8 ./Drivers/STM32G0xx_HAL_Driver/Src/stm32g0xx_hal_uart_ex.o

.debug_rnglists
                0x00000000      0xbad
 .debug_rnglists
                0x00000000       0xd8 ./Core/Src/main.o
 .debug_rnglists
                0x000000d8       0x35 ./Core/Src/stm32g0xx_hal_msp.o
 .debug_rnglists
                0x0000010d       0x49 ./Core/Src/stm32g0xx_it.o
 .debug_rnglists
                0x00000156       0x1a ./Core/Src/system_stm32g0xx.o
 .debug_rnglists
                0x00000170       0x19 ./Core/Startup/startup_stm32g070cbtx.o
 .debug_rnglists
                0x00000189       0xb6 ./Drivers/STM32G0xx_HAL_Driver/Src/stm32g0xx_hal.o
 .debug_rnglists
                0x0000023f       0xaa ./Drivers/STM32G0xx_HAL_Driver/Src/stm32g0xx_hal_cortex.o
 .debug_rnglists
                0x000002e9       0x72 ./Drivers/STM32G0xx_HAL_Driver/Src/stm32g0xx_hal_dma.o
 .debug_rnglists
                0x0000035b       0x45 ./Drivers/STM32G0xx_HAL_Driver/Src/stm32g0xx_hal_gpio.o
 .debug_rnglists
                0x000003a0       0x72 ./Drivers/STM32G0xx_HAL_Driver/Src/stm32g0xx_hal_pwr_ex.o
 .debug_rnglists
                0x00000412       0x79 ./Drivers/STM32G0xx_HAL_Driver/Src/stm32g0xx_hal_rcc.o
 .debug_rnglists
                0x0000048b       0x2f ./Drivers/STM32G0xx_HAL_Driver/Src/stm32g0xx_hal_rcc_ex.o
 .debug_rnglists
                0x000004ba      0x32a ./Drivers/STM32G0xx_HAL_Driver/Src/stm32g0xx_hal_tim.o
 .debug_rnglists
                0x000007e4      0x14e ./Drivers/STM32G0xx_HAL_Driver/Src/stm32g0xx_hal_tim_ex.o
 .debug_rnglists
                0x00000932      0x1fb ./Drivers/STM32G0xx_HAL_Driver/Src/stm32g0xx_hal_uart.o
 .debug_rnglists
                0x00000b2d       0x80 ./Drivers/STM32G0xx_HAL_Driver/Src/stm32g0xx_hal_uart_ex.o

.debug_macro    0x00000000    0x16226
 .debug_macro   0x00000000      0x3ae ./Core/Src/main.o
 .debug_macro   0x000003ae      0xaae ./Core/Src/main.o
 .debug_macro   0x00000e5c      0x11d ./Core/Src/main.o
 .debug_macro   0x00000f79       0x2e ./Core/Src/main.o
 .debug_macro   0x00000fa7       0x28 ./Core/Src/main.o
 .debug_macro   0x00000fcf       0x22 ./Core/Src/main.o
 .debug_macro   0x00000ff1       0x8e ./Core/Src/main.o
 .debug_macro   0x0000107f       0x51 ./Core/Src/main.o
 .debug_macro   0x000010d0      0x103 ./Core/Src/main.o
 .debug_macro   0x000011d3       0x6a ./Core/Src/main.o
 .debug_macro   0x0000123d      0x1df ./Core/Src/main.o
 .debug_macro   0x0000141c       0x1c ./Core/Src/main.o
 .debug_macro   0x00001438       0x22 ./Core/Src/main.o
 .debug_macro   0x0000145a       0xd1 ./Core/Src/main.o
 .debug_macro   0x0000152b      0x4da ./Core/Src/main.o
 .debug_macro   0x00001a05      0x11f ./Core/Src/main.o
 .debug_macro   0x00001b24     0xa701 ./Core/Src/main.o
 .debug_macro   0x0000c225       0x66 ./Core/Src/main.o
 .debug_macro   0x0000c28b     0x350e ./Core/Src/main.o
 .debug_macro   0x0000f799      0x190 ./Core/Src/main.o
 .debug_macro   0x0000f929       0x5c ./Core/Src/main.o
 .debug_macro   0x0000f985      0x485 ./Core/Src/main.o
 .debug_macro   0x0000fe0a      0xeb4 ./Core/Src/main.o
 .debug_macro   0x00010cbe      0x13e ./Core/Src/main.o
 .debug_macro   0x00010dfc      0x1cf ./Core/Src/main.o
 .debug_macro   0x00010fcb      0x13e ./Core/Src/main.o
 .debug_macro   0x00011109      0x3a8 ./Core/Src/main.o
 .debug_macro   0x000114b1      0x280 ./Core/Src/main.o
 .debug_macro   0x00011731      0x345 ./Core/Src/main.o
 .debug_macro   0x00011a76      0x198 ./Core/Src/main.o
 .debug_macro   0x00011c0e       0x43 ./Core/Src/main.o
 .debug_macro   0x00011c51      0x1f1 ./Core/Src/main.o
 .debug_macro   0x00011e42      0x1d6 ./Core/Src/main.o
 .debug_macro   0x00012018      0x2a3 ./Core/Src/main.o
 .debug_macro   0x000122bb       0x28 ./Core/Src/main.o
 .debug_macro   0x000122e3       0xcf ./Core/Src/main.o
 .debug_macro   0x000123b2      0x118 ./Core/Src/main.o
 .debug_macro   0x000124ca      0x10d ./Core/Src/main.o
 .debug_macro   0x000125d7      0xac2 ./Core/Src/main.o
 .debug_macro   0x00013099      0x124 ./Core/Src/main.o
 .debug_macro   0x000131bd      0x693 ./Core/Src/main.o
 .debug_macro   0x00013850       0xa6 ./Core/Src/main.o
 .debug_macro   0x000138f6      0x43d ./Core/Src/main.o
 .debug_macro   0x00013d33       0x58 ./Core/Src/main.o
 .debug_macro   0x00013d8b       0x61 ./Core/Src/main.o
 .debug_macro   0x00013dec       0x24 ./Core/Src/main.o
 .debug_macro   0x00013e10       0x43 ./Core/Src/main.o
 .debug_macro   0x00013e53       0x34 ./Core/Src/main.o
 .debug_macro   0x00013e87       0x16 ./Core/Src/main.o
 .debug_macro   0x00013e9d       0x3c ./Core/Src/main.o
 .debug_macro   0x00013ed9      0x370 ./Core/Src/main.o
 .debug_macro   0x00014249       0x10 ./Core/Src/main.o
 .debug_macro   0x00014259       0x16 ./Core/Src/main.o
 .debug_macro   0x0001426f       0x4a ./Core/Src/main.o
 .debug_macro   0x000142b9       0x34 ./Core/Src/main.o
 .debug_macro   0x000142ed       0x10 ./Core/Src/main.o
 .debug_macro   0x000142fd       0x58 ./Core/Src/main.o
 .debug_macro   0x00014355       0x8e ./Core/Src/main.o
 .debug_macro   0x000143e3       0x1c ./Core/Src/main.o
 .debug_macro   0x000143ff      0x185 ./Core/Src/main.o
 .debug_macro   0x00014584       0x16 ./Core/Src/main.o
 .debug_macro   0x0001459a       0x16 ./Core/Src/main.o
 .debug_macro   0x000145b0      0x146 ./Core/Src/main.o
 .debug_macro   0x000146f6      0x1ee ./Core/Src/stm32g0xx_hal_msp.o
 .debug_macro   0x000148e4      0x1f8 ./Core/Src/stm32g0xx_it.o
 .debug_macro   0x00014adc      0x1df ./Core/Src/system_stm32g0xx.o
 .debug_macro   0x00014cbb      0x1fd ./Drivers/STM32G0xx_HAL_Driver/Src/stm32g0xx_hal.o
 .debug_macro   0x00014eb8      0x1df ./Drivers/STM32G0xx_HAL_Driver/Src/stm32g0xx_hal_cortex.o
 .debug_macro   0x00015097      0x1df ./Drivers/STM32G0xx_HAL_Driver/Src/stm32g0xx_hal_dma.o
 .debug_macro   0x00015276      0x1e6 ./Drivers/STM32G0xx_HAL_Driver/Src/stm32g0xx_hal_gpio.o
 .debug_macro   0x0001545c      0x1f1 ./Drivers/STM32G0xx_HAL_Driver/Src/stm32g0xx_hal_pwr_ex.o
 .debug_macro   0x0001564d      0x221 ./Drivers/STM32G0xx_HAL_Driver/Src/stm32g0xx_hal_rcc.o
 .debug_macro   0x0001586e      0x1f7 ./Drivers/STM32G0xx_HAL_Driver/Src/stm32g0xx_hal_rcc_ex.o
 .debug_macro   0x00015a65      0x1e7 ./Drivers/STM32G0xx_HAL_Driver/Src/stm32g0xx_hal_tim.o
 .debug_macro   0x00015c4c      0x1e5 ./Drivers/STM32G0xx_HAL_Driver/Src/stm32g0xx_hal_tim_ex.o
 .debug_macro   0x00015e31      0x20a ./Drivers/STM32G0xx_HAL_Driver/Src/stm32g0xx_hal_uart.o
 .debug_macro   0x0001603b      0x1eb ./Drivers/STM32G0xx_HAL_Driver/Src/stm32g0xx_hal_uart_ex.o

.debug_line     0x00000000    0x11f54
 .debug_line    0x00000000     0x1380 ./Core/Src/main.o
 .debug_line    0x00001380      0x9e9 ./Core/Src/stm32g0xx_hal_msp.o
 .debug_line    0x00001d69      0x85f ./Core/Src/stm32g0xx_it.o
 .debug_line    0x000025c8      0x7fc ./Core/Src/system_stm32g0xx.o
 .debug_line    0x00002dc4       0x7b ./Core/Startup/startup_stm32g070cbtx.o
 .debug_line    0x00002e3f      0xaa7 ./Drivers/STM32G0xx_HAL_Driver/Src/stm32g0xx_hal.o
 .debug_line    0x000038e6      0xbd7 ./Drivers/STM32G0xx_HAL_Driver/Src/stm32g0xx_hal_cortex.o
 .debug_line    0x000044bd      0xdbe ./Drivers/STM32G0xx_HAL_Driver/Src/stm32g0xx_hal_dma.o
 .debug_line    0x0000527b      0xb93 ./Drivers/STM32G0xx_HAL_Driver/Src/stm32g0xx_hal_gpio.o
 .debug_line    0x00005e0e      0x9cd ./Drivers/STM32G0xx_HAL_Driver/Src/stm32g0xx_hal_pwr_ex.o
 .debug_line    0x000067db      0xffd ./Drivers/STM32G0xx_HAL_Driver/Src/stm32g0xx_hal_rcc.o
 .debug_line    0x000077d8      0xb80 ./Drivers/STM32G0xx_HAL_Driver/Src/stm32g0xx_hal_rcc_ex.o
 .debug_line    0x00008358     0x3ccc ./Drivers/STM32G0xx_HAL_Driver/Src/stm32g0xx_hal_tim.o
 .debug_line    0x0000c024     0x1bc0 ./Drivers/STM32G0xx_HAL_Driver/Src/stm32g0xx_hal_tim_ex.o
 .debug_line    0x0000dbe4     0x3615 ./Drivers/STM32G0xx_HAL_Driver/Src/stm32g0xx_hal_uart.o
 .debug_line    0x000111f9      0xd5b ./Drivers/STM32G0xx_HAL_Driver/Src/stm32g0xx_hal_uart_ex.o

.debug_str      0x00000000    0x8efd9
 .debug_str     0x00000000    0x8efd9 ./Core/Src/main.o
                              0x8c240 (size before relaxing)
 .debug_str     0x0008efd9    0x87d09 ./Core/Src/stm32g0xx_hal_msp.o
 .debug_str     0x0008efd9    0x87941 ./Core/Src/stm32g0xx_it.o
 .debug_str     0x0008efd9    0x86f5d ./Core/Src/system_stm32g0xx.o
 .debug_str     0x0008efd9       0x93 ./Core/Startup/startup_stm32g070cbtx.o
 .debug_str     0x0008efd9    0x875ff ./Drivers/STM32G0xx_HAL_Driver/Src/stm32g0xx_hal.o
 .debug_str     0x0008efd9    0x873dc ./Drivers/STM32G0xx_HAL_Driver/Src/stm32g0xx_hal_cortex.o
 .debug_str     0x0008efd9    0x873f7 ./Drivers/STM32G0xx_HAL_Driver/Src/stm32g0xx_hal_dma.o
 .debug_str     0x0008efd9    0x87092 ./Drivers/STM32G0xx_HAL_Driver/Src/stm32g0xx_hal_gpio.o
 .debug_str     0x0008efd9    0x871b1 ./Drivers/STM32G0xx_HAL_Driver/Src/stm32g0xx_hal_pwr_ex.o
 .debug_str     0x0008efd9    0x87681 ./Drivers/STM32G0xx_HAL_Driver/Src/stm32g0xx_hal_rcc.o
 .debug_str     0x0008efd9    0x872ae ./Drivers/STM32G0xx_HAL_Driver/Src/stm32g0xx_hal_rcc_ex.o
 .debug_str     0x0008efd9    0x8849f ./Drivers/STM32G0xx_HAL_Driver/Src/stm32g0xx_hal_tim.o
 .debug_str     0x0008efd9    0x87e2d ./Drivers/STM32G0xx_HAL_Driver/Src/stm32g0xx_hal_tim_ex.o
 .debug_str     0x0008efd9    0x87f28 ./Drivers/STM32G0xx_HAL_Driver/Src/stm32g0xx_hal_uart.o
 .debug_str     0x0008efd9    0x877e7 ./Drivers/STM32G0xx_HAL_Driver/Src/stm32g0xx_hal_uart_ex.o

.comment        0x00000000       0x43
 .comment       0x00000000       0x43 ./Core/Src/main.o
                                 0x44 (size before relaxing)
 .comment       0x00000043       0x44 ./Core/Src/stm32g0xx_hal_msp.o
 .comment       0x00000043       0x44 ./Core/Src/stm32g0xx_it.o
 .comment       0x00000043       0x44 ./Core/Src/system_stm32g0xx.o
 .comment       0x00000043       0x44 ./Drivers/STM32G0xx_HAL_Driver/Src/stm32g0xx_hal.o
 .comment       0x00000043       0x44 ./Drivers/STM32G0xx_HAL_Driver/Src/stm32g0xx_hal_cortex.o
 .comment       0x00000043       0x44 ./Drivers/STM32G0xx_HAL_Driver/Src/stm32g0xx_hal_dma.o
 .comment       0x00000043       0x44 ./Drivers/STM32G0xx_HAL_Driver/Src/stm32g0xx_hal_gpio.o
 .comment       0x00000043       0x44 ./Drivers/STM32G0xx_HAL_Driver/Src/stm32g0xx_hal_pwr_ex.o
 .comment       0x00000043       0x44 ./Drivers/STM32G0xx_HAL_Driver/Src/stm32g0xx_hal_rcc.o
 .comment       0x00000043       0x44 ./Drivers/STM32G0xx_HAL_Driver/Src/stm32g0xx_hal_rcc_ex.o
 .comment       0x00000043       0x44 ./Drivers/STM32G0xx_HAL_Driver/Src/stm32g0xx_hal_tim.o
 .comment       0x00000043       0x44 ./Drivers/STM32G0xx_HAL_Driver/Src/stm32g0xx_hal_tim_ex.o
 .comment       0x00000043       0x44 ./Drivers/STM32G0xx_HAL_Driver/Src/stm32g0xx_hal_uart.o
 .comment       0x00000043       0x44 ./Drivers/STM32G0xx_HAL_Driver/Src/stm32g0xx_hal_uart_ex.o

.debug_frame    0x00000000     0x356c
 .debug_frame   0x00000000      0x3bc ./Core/Src/main.o
 .debug_frame   0x000003bc       0xd0 ./Core/Src/stm32g0xx_hal_msp.o
 .debug_frame   0x0000048c      0x128 ./Core/Src/stm32g0xx_it.o
 .debug_frame   0x000005b4       0x4c ./Core/Src/system_stm32g0xx.o
 .debug_frame   0x00000600      0x340 ./Drivers/STM32G0xx_HAL_Driver/Src/stm32g0xx_hal.o
 .debug_frame   0x00000940      0x33c ./Drivers/STM32G0xx_HAL_Driver/Src/stm32g0xx_hal_cortex.o
 .debug_frame   0x00000c7c      0x1f0 ./Drivers/STM32G0xx_HAL_Driver/Src/stm32g0xx_hal_dma.o
 .debug_frame   0x00000e6c      0x130 ./Drivers/STM32G0xx_HAL_Driver/Src/stm32g0xx_hal_gpio.o
 .debug_frame   0x00000f9c      0x1f4 ./Drivers/STM32G0xx_HAL_Driver/Src/stm32g0xx_hal_pwr_ex.o
 .debug_frame   0x00001190      0x214 ./Drivers/STM32G0xx_HAL_Driver/Src/stm32g0xx_hal_rcc.o
 .debug_frame   0x000013a4       0xb0 ./Drivers/STM32G0xx_HAL_Driver/Src/stm32g0xx_hal_rcc_ex.o
 .debug_frame   0x00001454      0xf40 ./Drivers/STM32G0xx_HAL_Driver/Src/stm32g0xx_hal_tim.o
 .debug_frame   0x00002394      0x620 ./Drivers/STM32G0xx_HAL_Driver/Src/stm32g0xx_hal_tim_ex.o
 .debug_frame   0x000029b4      0x8d4 ./Drivers/STM32G0xx_HAL_Driver/Src/stm32g0xx_hal_uart.o
 .debug_frame   0x00003288      0x258 ./Drivers/STM32G0xx_HAL_Driver/Src/stm32g0xx_hal_uart_ex.o
 .debug_frame   0x000034e0       0x20 C:/ST/STM32CubeIDE_1.19.0/STM32CubeIDE/plugins/com.st.stm32cube.ide.mcu.externaltools.gnu-tools-for-stm32.13.3.rel1.win32_1.0.0.202411081344/tools/bin/../lib/gcc/arm-none-eabi/13.3.1/../../../../arm-none-eabi/lib/thumb/v6-m/nofp\libc_nano.a(libc_a-memset.o)
 .debug_frame   0x00003500       0x2c C:/ST/STM32CubeIDE_1.19.0/STM32CubeIDE/plugins/com.st.stm32cube.ide.mcu.externaltools.gnu-tools-for-stm32.13.3.rel1.win32_1.0.0.202411081344/tools/bin/../lib/gcc/arm-none-eabi/13.3.1/../../../../arm-none-eabi/lib/thumb/v6-m/nofp\libc_nano.a(libc_a-init.o)
 .debug_frame   0x0000352c       0x20 C:/ST/STM32CubeIDE_1.19.0/STM32CubeIDE/plugins/com.st.stm32cube.ide.mcu.externaltools.gnu-tools-for-stm32.13.3.rel1.win32_1.0.0.202411081344/tools/bin/../lib/gcc/arm-none-eabi/13.3.1/thumb/v6-m/nofp\libgcc.a(_udivsi3.o)
 .debug_frame   0x0000354c       0x20 C:/ST/STM32CubeIDE_1.19.0/STM32CubeIDE/plugins/com.st.stm32cube.ide.mcu.externaltools.gnu-tools-for-stm32.13.3.rel1.win32_1.0.0.202411081344/tools/bin/../lib/gcc/arm-none-eabi/13.3.1/thumb/v6-m/nofp\libgcc.a(_divsi3.o)

.debug_line_str
                0x00000000       0x77
 .debug_line_str
                0x00000000       0x77 ./Core/Startup/startup_stm32g070cbtx.o
