../Drivers/CMSIS/Include/core_cm0plus.h:985:34:__NVIC_SystemReset	1
../Core/Src/main.c:254:6:HAL_UART_RxCpltCallback	7
../Core/Src/main.c:297:6:sendFrame	2
../Core/Src/main.c:315:6:telemetryFrame	1
../Core/Src/main.c:339:6:sendTelemetryData	3
../Core/Src/main.c:360:5:main	18
../Core/Src/main.c:472:6:SystemClock_Config	3
../Core/Src/main.c:518:13:MX_TIM3_Init	9
../Core/Src/main.c:588:13:MX_TIM6_Init	3
../Core/Src/main.c:628:13:MX_TIM15_Init	7
../Core/Src/main.c:708:13:MX_TIM16_Init	5
../Core/Src/main.c:775:13:MX_TIM17_Init	5
../Core/Src/main.c:839:13:MX_USART2_UART_Init	5
../Core/Src/main.c:885:13:MX_DMA_Init	1
../Core/Src/main.c:909:13:MX_GPIO_Init	1
../Core/Src/main.c:949:6:getSensorsReadings	6
../Core/Src/main.c:1019:6:SetServoAngle	2
../Core/Src/main.c:1033:6:stepperMove	3
../Core/Src/main.c:1053:6:stepperSetSpeed	3
../Core/Src/main.c:1071:6:stepperStopDisengaged	3
../Core/Src/main.c:1082:6:stepperStopEngaged	3
../Core/Src/main.c:1095:6:stepperFollowSteps	1
../Core/Src/main.c:1104:6:HAL_TIM_PeriodElapsedCallback	2
../Core/Src/main.c:1115:6:STEPPER_TIM6_ISR	5
../Core/Src/main.c:1147:6:handleModeToggle	5
../Core/Src/main.c:1189:6:handleAsyncCommands	13
../Core/Src/main.c:1235:6:FSM	21
../Core/Src/main.c:1334:6:flashPWM_Start	1
../Core/Src/main.c:1348:6:flashPWM_Stop	1
../Core/Src/main.c:1366:6:flashPWM_Sweep	4
../Core/Src/main.c:1390:6:Error_Handler	1
