../Core/Src/stm32g0xx_it.c:74:6:NMI_Handler	8	static
../Core/Src/stm32g0xx_it.c:89:6:HardFault_Handler	8	static
../Core/Src/stm32g0xx_it.c:104:6:SVC_Handler	8	static
../Core/Src/stm32g0xx_it.c:117:6:PendSV_Handler	8	static
../Core/Src/stm32g0xx_it.c:130:6:SysTick_Handler	8	static
../Core/Src/stm32g0xx_it.c:151:6:DMA1_Channel1_IRQHandler	8	static
../Core/Src/stm32g0xx_it.c:165:6:DMA1_Channel2_3_IRQHandler	8	static
../Core/Src/stm32g0xx_it.c:180:6:DMA1_Ch4_7_DMAMUX1_OVR_IRQHandler	8	static
../Core/Src/stm32g0xx_it.c:194:6:TIM6_IRQHandler	8	static
../Core/Src/stm32g0xx_it.c:208:6:USART2_IRQHandler	8	static
